build	Set up job	﻿2025-12-27T17:34:59.0107964Z Current runner version: '2.330.0'
build	Set up job	2025-12-27T17:34:59.0131013Z ##[group]Runner Image Provisioner
build	Set up job	2025-12-27T17:34:59.0131885Z Hosted Compute Agent
build	Set up job	2025-12-27T17:34:59.0132391Z Version: 20251211.462
build	Set up job	2025-12-27T17:34:59.0133093Z Commit: 6cbad8c2bb55d58165063d031ccabf57e2d2db61
build	Set up job	2025-12-27T17:34:59.0133749Z Build Date: 2025-12-11T16:28:49Z
build	Set up job	2025-12-27T17:34:59.0134374Z Worker ID: {9628090e-dda7-4003-9f70-fd1e7d98726e}
build	Set up job	2025-12-27T17:34:59.0135129Z ##[endgroup]
build	Set up job	2025-12-27T17:34:59.0135811Z ##[group]Operating System
build	Set up job	2025-12-27T17:34:59.0136359Z Ubuntu
build	Set up job	2025-12-27T17:34:59.0136870Z 24.04.3
build	Set up job	2025-12-27T17:34:59.0137315Z LTS
build	Set up job	2025-12-27T17:34:59.0137726Z ##[endgroup]
build	Set up job	2025-12-27T17:34:59.0138289Z ##[group]Runner Image
build	Set up job	2025-12-27T17:34:59.0138789Z Image: ubuntu-24.04
build	Set up job	2025-12-27T17:34:59.0139288Z Version: 20251215.174.1
build	Set up job	2025-12-27T17:34:59.0140326Z Included Software: https://github.com/actions/runner-images/blob/ubuntu24/20251215.174/images/ubuntu/Ubuntu2404-Readme.md
build	Set up job	2025-12-27T17:34:59.0141636Z Image Release: https://github.com/actions/runner-images/releases/tag/ubuntu24%2F20251215.174
build	Set up job	2025-12-27T17:34:59.0142922Z ##[endgroup]
build	Set up job	2025-12-27T17:34:59.0143927Z ##[group]GITHUB_TOKEN Permissions
build	Set up job	2025-12-27T17:34:59.0146009Z Contents: write
build	Set up job	2025-12-27T17:34:59.0146612Z Metadata: read
build	Set up job	2025-12-27T17:34:59.0147066Z ##[endgroup]
build	Set up job	2025-12-27T17:34:59.0149190Z Secret source: Actions
build	Set up job	2025-12-27T17:34:59.0149886Z Prepare workflow directory
build	Set up job	2025-12-27T17:34:59.0469829Z Prepare all required actions
build	Set up job	2025-12-27T17:34:59.0515098Z Getting action download info
build	Set up job	2025-12-27T17:34:59.4136334Z Download action repository 'actions/checkout@v4' (SHA:34e114876b0b11c390a56381ad16ebd13914f8d5)
build	Set up job	2025-12-27T17:34:59.5140621Z Download action repository 'actions/setup-java@v4' (SHA:c1e323688fd81a25caa38c78aa6df2d33d3e20d9)
build	Set up job	2025-12-27T17:34:59.7838576Z Download action repository 'gradle/gradle-build-action@v3' (SHA:ac2d340dc04d9e1113182899e983b5400c17cda1)
build	Set up job	2025-12-27T17:34:59.9400653Z Download action repository 'softprops/action-gh-release@v2' (SHA:a06a81a03ee405af7f2048a818ed3f03bbf83c7b)
build	Set up job	2025-12-27T17:35:00.2419235Z Getting action download info
build	Set up job	2025-12-27T17:35:00.3564815Z Download action repository 'gradle/actions@v3.5.0' (SHA:d9c87d481d55275bb5441eef3fe0e46805f9ef70)
build	Set up job	2025-12-27T17:35:00.9171641Z Complete job name: build
build	Checkout code	﻿2025-12-27T17:35:00.9850845Z ##[group]Run actions/checkout@v4
build	Checkout code	2025-12-27T17:35:00.9852097Z with:
build	Checkout code	2025-12-27T17:35:00.9852644Z   fetch-depth: 0
build	Checkout code	2025-12-27T17:35:00.9853232Z   repository: salmanbappi/ftpbd
build	Checkout code	2025-12-27T17:35:00.9854123Z   token: ***
build	Checkout code	2025-12-27T17:35:00.9854608Z   ssh-strict: true
build	Checkout code	2025-12-27T17:35:00.9855342Z   ssh-user: git
build	Checkout code	2025-12-27T17:35:00.9856072Z   persist-credentials: true
build	Checkout code	2025-12-27T17:35:00.9856754Z   clean: true
build	Checkout code	2025-12-27T17:35:00.9857372Z   sparse-checkout-cone-mode: true
build	Checkout code	2025-12-27T17:35:00.9858167Z   fetch-tags: false
build	Checkout code	2025-12-27T17:35:00.9858790Z   show-progress: true
build	Checkout code	2025-12-27T17:35:00.9859359Z   lfs: false
build	Checkout code	2025-12-27T17:35:00.9860006Z   submodules: false
build	Checkout code	2025-12-27T17:35:00.9860555Z   set-safe-directory: true
build	Checkout code	2025-12-27T17:35:00.9861606Z ##[endgroup]
build	Checkout code	2025-12-27T17:35:01.1037237Z Syncing repository: salmanbappi/ftpbd
build	Checkout code	2025-12-27T17:35:01.1038681Z ##[group]Getting Git version info
build	Checkout code	2025-12-27T17:35:01.1039112Z Working directory is '/home/runner/work/ftpbd/ftpbd'
build	Checkout code	2025-12-27T17:35:01.1039794Z [command]/usr/bin/git version
build	Checkout code	2025-12-27T17:35:01.1101569Z git version 2.52.0
build	Checkout code	2025-12-27T17:35:01.1129300Z ##[endgroup]
build	Checkout code	2025-12-27T17:35:01.1154704Z Temporarily overriding HOME='/home/runner/work/_temp/f0574fb9-b167-4c98-a6f2-fb3d78d9bf24' before making global git config changes
build	Checkout code	2025-12-27T17:35:01.1156309Z Adding repository directory to the temporary git global config as a safe directory
build	Checkout code	2025-12-27T17:35:01.1157435Z [command]/usr/bin/git config --global --add safe.directory /home/runner/work/ftpbd/ftpbd
build	Checkout code	2025-12-27T17:35:01.1194725Z Deleting the contents of '/home/runner/work/ftpbd/ftpbd'
build	Checkout code	2025-12-27T17:35:01.1198470Z ##[group]Initializing the repository
build	Checkout code	2025-12-27T17:35:01.1202179Z [command]/usr/bin/git init /home/runner/work/ftpbd/ftpbd
build	Checkout code	2025-12-27T17:35:01.1332907Z hint: Using 'master' as the name for the initial branch. This default branch name
build	Checkout code	2025-12-27T17:35:01.1333831Z hint: will change to "main" in Git 3.0. To configure the initial branch name
build	Checkout code	2025-12-27T17:35:01.1334736Z hint: to use in all of your new repositories, which will suppress this warning,
build	Checkout code	2025-12-27T17:35:01.1335686Z hint: call:
build	Checkout code	2025-12-27T17:35:01.1336083Z hint:
build	Checkout code	2025-12-27T17:35:01.1336587Z hint: 	git config --global init.defaultBranch <name>
build	Checkout code	2025-12-27T17:35:01.1337168Z hint:
build	Checkout code	2025-12-27T17:35:01.1337693Z hint: Names commonly chosen instead of 'master' are 'main', 'trunk' and
build	Checkout code	2025-12-27T17:35:01.1338554Z hint: 'development'. The just-created branch can be renamed via this command:
build	Checkout code	2025-12-27T17:35:01.1339216Z hint:
build	Checkout code	2025-12-27T17:35:01.1339632Z hint: 	git branch -m <name>
build	Checkout code	2025-12-27T17:35:01.1340057Z hint:
build	Checkout code	2025-12-27T17:35:01.1340581Z hint: Disable this message with "git config set advice.defaultBranchName false"
build	Checkout code	2025-12-27T17:35:01.1341158Z Initialized empty Git repository in /home/runner/work/ftpbd/ftpbd/.git/
build	Checkout code	2025-12-27T17:35:01.1349235Z [command]/usr/bin/git remote add origin https://github.com/salmanbappi/ftpbd
build	Checkout code	2025-12-27T17:35:01.1383115Z ##[endgroup]
build	Checkout code	2025-12-27T17:35:01.1383620Z ##[group]Disabling automatic garbage collection
build	Checkout code	2025-12-27T17:35:01.1387582Z [command]/usr/bin/git config --local gc.auto 0
build	Checkout code	2025-12-27T17:35:01.1414351Z ##[endgroup]
build	Checkout code	2025-12-27T17:35:01.1415031Z ##[group]Setting up auth
build	Checkout code	2025-12-27T17:35:01.1421428Z [command]/usr/bin/git config --local --name-only --get-regexp core\.sshCommand
build	Checkout code	2025-12-27T17:35:01.1449957Z [command]/usr/bin/git submodule foreach --recursive sh -c "git config --local --name-only --get-regexp 'core\.sshCommand' && git config --local --unset-all 'core.sshCommand' || :"
build	Checkout code	2025-12-27T17:35:01.1811094Z [command]/usr/bin/git config --local --name-only --get-regexp http\.https\:\/\/github\.com\/\.extraheader
build	Checkout code	2025-12-27T17:35:01.1844733Z [command]/usr/bin/git submodule foreach --recursive sh -c "git config --local --name-only --get-regexp 'http\.https\:\/\/github\.com\/\.extraheader' && git config --local --unset-all 'http.https://github.com/.extraheader' || :"
build	Checkout code	2025-12-27T17:35:01.2064300Z [command]/usr/bin/git config --local --name-only --get-regexp ^includeIf\.gitdir:
build	Checkout code	2025-12-27T17:35:01.2096993Z [command]/usr/bin/git submodule foreach --recursive git config --local --show-origin --name-only --get-regexp remote.origin.url
build	Checkout code	2025-12-27T17:35:01.2316534Z [command]/usr/bin/git config --local http.https://github.com/.extraheader AUTHORIZATION: basic ***
build	Checkout code	2025-12-27T17:35:01.2349858Z ##[endgroup]
build	Checkout code	2025-12-27T17:35:01.2350364Z ##[group]Fetching the repository
build	Checkout code	2025-12-27T17:35:01.2358569Z [command]/usr/bin/git -c protocol.version=2 fetch --prune --no-recurse-submodules origin +refs/heads/*:refs/remotes/origin/* +refs/tags/*:refs/tags/*
build	Checkout code	2025-12-27T17:35:01.5039266Z From https://github.com/salmanbappi/ftpbd
build	Checkout code	2025-12-27T17:35:01.5043392Z  * [new branch]      main       -> origin/main
build	Checkout code	2025-12-27T17:35:01.5044035Z  * [new branch]      repo       -> origin/repo
build	Checkout code	2025-12-27T17:35:01.5044641Z  * [new tag]         v1.2       -> v1.2
build	Checkout code	2025-12-27T17:35:01.5046585Z  * [new tag]         v1.3       -> v1.3
build	Checkout code	2025-12-27T17:35:01.5047185Z  * [new tag]         v1.4       -> v1.4
build	Checkout code	2025-12-27T17:35:01.5047700Z  * [new tag]         v1.5       -> v1.5
build	Checkout code	2025-12-27T17:35:01.5048238Z  * [new tag]         v1.6       -> v1.6
build	Checkout code	2025-12-27T17:35:01.5048755Z  * [new tag]         v1.7       -> v1.7
build	Checkout code	2025-12-27T17:35:01.5049257Z  * [new tag]         v14.1002   -> v14.1002
build	Checkout code	2025-12-27T17:35:01.5049783Z  * [new tag]         v14.1003   -> v14.1003
build	Checkout code	2025-12-27T17:35:01.5050299Z  * [new tag]         v14.1004   -> v14.1004
build	Checkout code	2025-12-27T17:35:01.5050818Z  * [new tag]         v14.1005   -> v14.1005
build	Checkout code	2025-12-27T17:35:01.5051320Z  * [new tag]         v14.1006   -> v14.1006
build	Checkout code	2025-12-27T17:35:01.5051894Z  * [new tag]         v14.1009   -> v14.1009
build	Checkout code	2025-12-27T17:35:01.5052479Z  * [new tag]         v14.1010   -> v14.1010
build	Checkout code	2025-12-27T17:35:01.5053003Z  * [new tag]         v14.1011   -> v14.1011
build	Checkout code	2025-12-27T17:35:01.5053524Z  * [new tag]         v14.1012   -> v14.1012
build	Checkout code	2025-12-27T17:35:01.5054303Z  * [new tag]         v14.1013   -> v14.1013
build	Checkout code	2025-12-27T17:35:01.5054835Z  * [new tag]         v14.1014   -> v14.1014
build	Checkout code	2025-12-27T17:35:01.5055537Z  * [new tag]         v14.1015   -> v14.1015
build	Checkout code	2025-12-27T17:35:01.5056071Z  * [new tag]         v14.1016   -> v14.1016
build	Checkout code	2025-12-27T17:35:01.5056594Z  * [new tag]         v14.1017   -> v14.1017
build	Checkout code	2025-12-27T17:35:01.5057112Z  * [new tag]         v14.1018   -> v14.1018
build	Checkout code	2025-12-27T17:35:01.5057620Z  * [new tag]         v14.1019   -> v14.1019
build	Checkout code	2025-12-27T17:35:01.5058132Z  * [new tag]         v14.1020   -> v14.1020
build	Checkout code	2025-12-27T17:35:01.5058654Z  * [new tag]         v14.1021   -> v14.1021
build	Checkout code	2025-12-27T17:35:01.5059161Z  * [new tag]         v14.1022   -> v14.1022
build	Checkout code	2025-12-27T17:35:01.5059675Z  * [new tag]         v14.1023   -> v14.1023
build	Checkout code	2025-12-27T17:35:01.5060257Z  * [new tag]         v14.1026   -> v14.1026
build	Checkout code	2025-12-27T17:35:01.5060840Z  * [new tag]         v14.1027   -> v14.1027
build	Checkout code	2025-12-27T17:35:01.5061347Z  * [new tag]         v14.1067   -> v14.1067
build	Checkout code	2025-12-27T17:35:01.5061870Z  * [new tag]         v14.1069   -> v14.1069
build	Checkout code	2025-12-27T17:35:01.5062381Z  * [new tag]         v14.1073   -> v14.1073
build	Checkout code	2025-12-27T17:35:01.5062884Z  * [new tag]         v14.1076   -> v14.1076
build	Checkout code	2025-12-27T17:35:01.5063396Z  * [new tag]         v14.1077   -> v14.1077
build	Checkout code	2025-12-27T17:35:01.5063905Z  * [new tag]         v14.1101   -> v14.1101
build	Checkout code	2025-12-27T17:35:01.5064414Z  * [new tag]         v14.1261   -> v14.1261
build	Checkout code	2025-12-27T17:35:01.5064911Z  * [new tag]         v14.1262   -> v14.1262
build	Checkout code	2025-12-27T17:35:01.5065594Z  * [new tag]         v14.1263   -> v14.1263
build	Checkout code	2025-12-27T17:35:01.5066105Z  * [new tag]         v14.1264   -> v14.1264
build	Checkout code	2025-12-27T17:35:01.5066614Z  * [new tag]         v14.1265   -> v14.1265
build	Checkout code	2025-12-27T17:35:01.5067125Z  * [new tag]         v14.1268   -> v14.1268
build	Checkout code	2025-12-27T17:35:01.5067637Z  * [new tag]         v14.1269   -> v14.1269
build	Checkout code	2025-12-27T17:35:01.5068163Z  * [new tag]         v14.1271   -> v14.1271
build	Checkout code	2025-12-27T17:35:01.5068681Z  * [new tag]         v14.1275   -> v14.1275
build	Checkout code	2025-12-27T17:35:01.5069206Z  * [new tag]         v14.1276   -> v14.1276
build	Checkout code	2025-12-27T17:35:01.5069711Z  * [new tag]         v14.1277   -> v14.1277
build	Checkout code	2025-12-27T17:35:01.5070270Z  * [new tag]         v14.1278   -> v14.1278
build	Checkout code	2025-12-27T17:35:01.5070778Z  * [new tag]         v14.1279   -> v14.1279
build	Checkout code	2025-12-27T17:35:01.5071524Z  * [new tag]         v14.1281   -> v14.1281
build	Checkout code	2025-12-27T17:35:01.5072040Z  * [new tag]         v14.1282   -> v14.1282
build	Checkout code	2025-12-27T17:35:01.5072514Z  * [new tag]         v14.1283   -> v14.1283
build	Checkout code	2025-12-27T17:35:01.5073025Z  * [new tag]         v14.1284   -> v14.1284
build	Checkout code	2025-12-27T17:35:01.5073520Z  * [new tag]         v14.1285   -> v14.1285
build	Checkout code	2025-12-27T17:35:01.5120681Z [command]/usr/bin/git branch --list --remote origin/main
build	Checkout code	2025-12-27T17:35:01.5147144Z   origin/main
build	Checkout code	2025-12-27T17:35:01.5154974Z [command]/usr/bin/git rev-parse refs/remotes/origin/main
build	Checkout code	2025-12-27T17:35:01.5173796Z 5bfec838b767f3a467300bb7264574f61d72561a
build	Checkout code	2025-12-27T17:35:01.5178559Z ##[endgroup]
build	Checkout code	2025-12-27T17:35:01.5179259Z ##[group]Determining the checkout info
build	Checkout code	2025-12-27T17:35:01.5179994Z ##[endgroup]
build	Checkout code	2025-12-27T17:35:01.5183956Z [command]/usr/bin/git sparse-checkout disable
build	Checkout code	2025-12-27T17:35:01.5225721Z [command]/usr/bin/git config --local --unset-all extensions.worktreeConfig
build	Checkout code	2025-12-27T17:35:01.5251544Z ##[group]Checking out the ref
build	Checkout code	2025-12-27T17:35:01.5254783Z [command]/usr/bin/git checkout --progress --force -B main refs/remotes/origin/main
build	Checkout code	2025-12-27T17:35:01.5370102Z Switched to a new branch 'main'
build	Checkout code	2025-12-27T17:35:01.5372750Z branch 'main' set up to track 'origin/main'.
build	Checkout code	2025-12-27T17:35:01.5378988Z ##[endgroup]
build	Checkout code	2025-12-27T17:35:01.5411050Z [command]/usr/bin/git log -1 --format=%H
build	Checkout code	2025-12-27T17:35:01.5431798Z 5bfec838b767f3a467300bb7264574f61d72561a
build	Set up JDK 17	﻿2025-12-27T17:35:01.5666747Z ##[group]Run actions/setup-java@v4
build	Set up JDK 17	2025-12-27T17:35:01.5667094Z with:
build	Set up JDK 17	2025-12-27T17:35:01.5667318Z   java-version: 17
build	Set up JDK 17	2025-12-27T17:35:01.5667557Z   distribution: temurin
build	Set up JDK 17	2025-12-27T17:35:01.5667784Z   cache: gradle
build	Set up JDK 17	2025-12-27T17:35:01.5668177Z   java-package: jdk
build	Set up JDK 17	2025-12-27T17:35:01.5668404Z   check-latest: false
build	Set up JDK 17	2025-12-27T17:35:01.5668631Z   server-id: github
build	Set up JDK 17	2025-12-27T17:35:01.5668858Z   server-username: GITHUB_ACTOR
build	Set up JDK 17	2025-12-27T17:35:01.5669129Z   server-password: GITHUB_TOKEN
build	Set up JDK 17	2025-12-27T17:35:01.5669394Z   overwrite-settings: true
build	Set up JDK 17	2025-12-27T17:35:01.5669635Z   job-status: success
build	Set up JDK 17	2025-12-27T17:35:01.5669987Z   token: ***
build	Set up JDK 17	2025-12-27T17:35:01.5670208Z ##[endgroup]
build	Set up JDK 17	2025-12-27T17:35:01.7611612Z ##[group]Installed distributions
build	Set up JDK 17	2025-12-27T17:35:01.7870712Z Resolved Java 17.0.17+10 from tool-cache
build	Set up JDK 17	2025-12-27T17:35:01.7871866Z Setting Java 17.0.17+10 as the default
build	Set up JDK 17	2025-12-27T17:35:01.7884695Z Creating toolchains.xml for JDK version 17 from temurin
build	Set up JDK 17	2025-12-27T17:35:01.7961828Z Writing to /home/runner/.m2/toolchains.xml
build	Set up JDK 17	2025-12-27T17:35:01.7962373Z 
build	Set up JDK 17	2025-12-27T17:35:01.7962569Z Java configuration:
build	Set up JDK 17	2025-12-27T17:35:01.7963733Z   Distribution: temurin
build	Set up JDK 17	2025-12-27T17:35:01.7964564Z   Version: 17.0.17+10
build	Set up JDK 17	2025-12-27T17:35:01.7967440Z   Path: /opt/hostedtoolcache/Java_Temurin-Hotspot_jdk/17.0.17-10/x64
build	Set up JDK 17	2025-12-27T17:35:01.7968683Z 
build	Set up JDK 17	2025-12-27T17:35:01.7969756Z ##[endgroup]
build	Set up JDK 17	2025-12-27T17:35:01.7988223Z Creating settings.xml with server-id: github
build	Set up JDK 17	2025-12-27T17:35:01.7991815Z Writing to /home/runner/.m2/settings.xml
build	Set up JDK 17	2025-12-27T17:35:01.9522095Z gradle cache is not found
build	Build with Gradle	﻿2025-12-27T17:35:01.9827551Z ##[group]Run gradle/gradle-build-action@v3
build	Build with Gradle	2025-12-27T17:35:01.9827932Z with:
build	Build with Gradle	2025-12-27T17:35:01.9828149Z   gradle-version: 8.5
build	Build with Gradle	2025-12-27T17:35:01.9828413Z   arguments: :app:assembleRelease
build	Build with Gradle	2025-12-27T17:35:01.9828682Z   cache-disabled: false
build	Build with Gradle	2025-12-27T17:35:01.9828928Z   cache-read-only: false
build	Build with Gradle	2025-12-27T17:35:01.9829174Z   cache-write-only: false
build	Build with Gradle	2025-12-27T17:35:01.9829436Z   cache-overwrite-existing: false
build	Build with Gradle	2025-12-27T17:35:01.9829748Z   gradle-home-cache-includes: caches
build	Build with Gradle	notifications
build	Build with Gradle	
build	Build with Gradle	2025-12-27T17:35:01.9830102Z   gradle-home-cache-cleanup: false
build	Build with Gradle	2025-12-27T17:35:01.9830385Z   add-job-summary: always
build	Build with Gradle	2025-12-27T17:35:01.9830655Z   add-job-summary-as-pr-comment: never
build	Build with Gradle	2025-12-27T17:35:01.9830981Z   dependency-graph: disabled
build	Build with Gradle	2025-12-27T17:35:01.9831263Z   dependency-graph-continue-on-failure: true
build	Build with Gradle	2025-12-27T17:35:01.9831572Z   build-scan-publish: false
build	Build with Gradle	2025-12-27T17:35:01.9831832Z   validate-wrappers: false
build	Build with Gradle	2025-12-27T17:35:01.9832084Z   generate-job-summary: true
build	Build with Gradle	2025-12-27T17:35:01.9832352Z   gradle-home-cache-strict-match: false
build	Build with Gradle	2025-12-27T17:35:01.9832679Z   workflow-job-context: null
build	Build with Gradle	2025-12-27T17:35:01.9833089Z   github-token: ***
build	Build with Gradle	2025-12-27T17:35:01.9833317Z env:
build	Build with Gradle	2025-12-27T17:35:01.9833628Z   JAVA_HOME: /opt/hostedtoolcache/Java_Temurin-Hotspot_jdk/17.0.17-10/x64
build	Build with Gradle	2025-12-27T17:35:01.9834129Z   JAVA_HOME_17_X64: /opt/hostedtoolcache/Java_Temurin-Hotspot_jdk/17.0.17-10/x64
build	Build with Gradle	2025-12-27T17:35:01.9834505Z ##[endgroup]
build	Build with Gradle	2025-12-27T17:35:01.9984509Z ##[group]Run gradle/actions/setup-gradle@v3.5.0
build	Build with Gradle	2025-12-27T17:35:01.9984835Z with:
build	Build with Gradle	2025-12-27T17:35:01.9985043Z   gradle-version: 8.5
build	Build with Gradle	2025-12-27T17:35:01.9985483Z   cache-disabled: false
build	Build with Gradle	2025-12-27T17:35:01.9985735Z   cache-read-only: false
build	Build with Gradle	2025-12-27T17:35:01.9985986Z   cache-write-only: false
build	Build with Gradle	2025-12-27T17:35:01.9986244Z   cache-overwrite-existing: false
build	Build with Gradle	2025-12-27T17:35:01.9986565Z   gradle-home-cache-includes: caches
build	Build with Gradle	notifications
build	Build with Gradle	
build	Build with Gradle	2025-12-27T17:35:01.9986915Z   gradle-home-cache-cleanup: false
build	Build with Gradle	2025-12-27T17:35:01.9987189Z   add-job-summary: always
build	Build with Gradle	2025-12-27T17:35:01.9987465Z   add-job-summary-as-pr-comment: never
build	Build with Gradle	2025-12-27T17:35:01.9987751Z   dependency-graph: disabled
build	Build with Gradle	2025-12-27T17:35:01.9988041Z   dependency-graph-continue-on-failure: true
build	Build with Gradle	2025-12-27T17:35:01.9988348Z   build-scan-publish: false
build	Build with Gradle	2025-12-27T17:35:01.9988608Z   validate-wrappers: false
build	Build with Gradle	2025-12-27T17:35:01.9988855Z   generate-job-summary: true
build	Build with Gradle	2025-12-27T17:35:01.9989123Z   arguments: :app:assembleRelease
build	Build with Gradle	2025-12-27T17:35:01.9989407Z   gradle-home-cache-strict-match: false
build	Build with Gradle	2025-12-27T17:35:01.9989695Z   workflow-job-context: null
build	Build with Gradle	2025-12-27T17:35:01.9990096Z   github-token: ***
build	Build with Gradle	2025-12-27T17:35:01.9990320Z env:
build	Build with Gradle	2025-12-27T17:35:01.9990813Z   JAVA_HOME: /opt/hostedtoolcache/Java_Temurin-Hotspot_jdk/17.0.17-10/x64
build	Build with Gradle	2025-12-27T17:35:01.9991305Z   JAVA_HOME_17_X64: /opt/hostedtoolcache/Java_Temurin-Hotspot_jdk/17.0.17-10/x64
build	Build with Gradle	2025-12-27T17:35:01.9991732Z   GRADLE_ACTION_ID: gradle/gradle-build-action
build	Build with Gradle	2025-12-27T17:35:01.9992026Z ##[endgroup]
build	Build with Gradle	2025-12-27T17:35:02.3971791Z Merged default JDK locations into /home/runner/.m2/toolchains.xml
build	Build with Gradle	2025-12-27T17:35:02.3974758Z ##[group]Restore Gradle state from cache
build	Build with Gradle	2025-12-27T17:35:02.5267837Z ##[warning]Failed to restore gradle-home-v1|Linux|build[2d49afe04bbf097bffd088b47df1dc9e]-5bfec838b767f3a467300bb7264574f61d72561a: Error: Cache service responded with 400
build	Build with Gradle	2025-12-27T17:35:02.5327309Z Gradle User Home cache not found. Will initialize empty.
build	Build with Gradle	2025-12-27T17:35:02.5328300Z ##[endgroup]
build	Build with Gradle	2025-12-27T17:35:02.5966950Z ##[group]Provision Gradle 8.5
build	Build with Gradle	2025-12-27T17:35:02.6411814Z ##[warning]Restore Gradle distribution 8.5 failed: Error: Cache service responded with 400
build	Build with Gradle	2025-12-27T17:35:02.6413290Z Gradle distribution 8.5 not found in cache. Will download.
build	Build with Gradle	2025-12-27T17:35:03.4711572Z Downloaded https://services.gradle.org/distributions/gradle-8.5-bin.zip to /home/runner/gradle-installations/downloads/gradle-8.5-bin.zip (size 132519731)
build	Build with Gradle	2025-12-27T17:35:03.4830497Z [command]/usr/bin/tar --posix -cf cache.tzst --exclude cache.tzst -P -C /home/runner/work/ftpbd/ftpbd --files-from manifest.txt --use-compress-program zstdmt
build	Build with Gradle	2025-12-27T17:35:03.6911830Z ##[warning]Save Gradle distribution 8.5 failed: Error: <h2>Our services aren't available right now</h2><p>We're working to restore all services as soon as possible. Please check back soon.</p>0xxhQaQAAAAAqZIQ/ISyzSJoTNmV3bHcrUEhMMzBFREdFMDIwNgBFZGdl
build	Build with Gradle	2025-12-27T17:35:03.6928302Z [command]/usr/bin/unzip -o -q /home/runner/gradle-installations/downloads/gradle-8.5-bin.zip
build	Build with Gradle	2025-12-27T17:35:04.6717251Z Extracted Gradle 8.5 to /home/runner/gradle-installations/installs/gradle-8.5
build	Build with Gradle	2025-12-27T17:35:04.6719423Z Provisioned Gradle executable /home/runner/gradle-installations/installs/gradle-8.5/bin/gradle
build	Build with Gradle	2025-12-27T17:35:04.6720765Z ##[endgroup]
build	Build with Gradle	2025-12-27T17:35:04.6725790Z [command]/home/runner/gradle-installations/installs/gradle-8.5/bin/gradle :app:assembleRelease
build	Build with Gradle	2025-12-27T17:35:06.7051689Z 
build	Build with Gradle	2025-12-27T17:35:06.7052894Z Welcome to Gradle 8.5!
build	Build with Gradle	2025-12-27T17:35:06.7053234Z 
build	Build with Gradle	2025-12-27T17:35:06.7055545Z Here are the highlights of this release:
build	Build with Gradle	2025-12-27T17:35:06.7058012Z  - Support for running on Java 21
build	Build with Gradle	2025-12-27T17:35:06.7058937Z  - Faster first use with Kotlin DSL
build	Build with Gradle	2025-12-27T17:35:06.7059892Z  - Improved error and warning messages
build	Build with Gradle	2025-12-27T17:35:06.7063317Z 
build	Build with Gradle	2025-12-27T17:35:06.7063690Z For more details see https://docs.gradle.org/8.5/release-notes.html
build	Build with Gradle	2025-12-27T17:35:06.7064145Z 
build	Build with Gradle	2025-12-27T17:35:07.2993222Z Starting a Gradle Daemon (subsequent builds will be faster)
build	Build with Gradle	2025-12-27T17:35:47.1028265Z > Task :buildSrc:checkKotlinGradlePluginConfigurationErrors
build	Build with Gradle	2025-12-27T17:35:54.9017981Z > Task :buildSrc:generateExternalPluginSpecBuilders
build	Build with Gradle	2025-12-27T17:35:54.9018718Z > Task :buildSrc:extractPrecompiledScriptPluginPlugins
build	Build with Gradle	2025-12-27T17:35:56.8993265Z > Task :buildSrc:compilePluginsBlocks
build	Build with Gradle	2025-12-27T17:36:26.9016399Z > Task :buildSrc:generatePrecompiledScriptPluginAccessors
build	Build with Gradle	2025-12-27T17:36:28.2006424Z > Task :buildSrc:generateScriptPluginAdapters
build	Build with Gradle	2025-12-27T17:36:34.7992835Z > Task :buildSrc:pluginDescriptors
build	Build with Gradle	2025-12-27T17:36:34.7994390Z > Task :buildSrc:processResources
build	Build with Gradle	2025-12-27T17:36:58.1991917Z > Task :buildSrc:compileKotlin
build	Build with Gradle	2025-12-27T17:37:05.4014518Z > Task :buildSrc:compileJava NO-SOURCE
build	Build with Gradle	2025-12-27T17:37:05.4018573Z > Task :buildSrc:compileGroovy NO-SOURCE
build	Build with Gradle	2025-12-27T17:37:05.4025691Z > Task :buildSrc:classes
build	Build with Gradle	2025-12-27T17:37:05.6994741Z > Task :buildSrc:jar
build	Build with Gradle	2025-12-27T17:37:54.0994735Z 
build	Build with Gradle	2025-12-27T17:37:54.0999711Z > Configure project :app
build	Build with Gradle	2025-12-27T17:37:54.1000807Z WARNING: The option setting 'android.enableBuildConfigAsBytecode=true' is experimental.
build	Build with Gradle	2025-12-27T17:37:54.1017697Z The current default is 'false'.
build	Build with Gradle	2025-12-27T17:38:02.6007600Z 
build	Build with Gradle	2025-12-27T17:38:02.6008913Z > Task :lib:playlist-utils:preBuild UP-TO-DATE
build	Build with Gradle	2025-12-27T17:38:02.6009923Z > Task :lib:playlist-utils:preReleaseBuild UP-TO-DATE
build	Build with Gradle	2025-12-27T17:38:02.6010579Z > Task :core:preBuild UP-TO-DATE
build	Build with Gradle	2025-12-27T17:38:02.6011180Z > Task :core:preReleaseBuild UP-TO-DATE
build	Build with Gradle	2025-12-27T17:38:02.6011779Z > Task :core:generateReleaseResources UP-TO-DATE
build	Build with Gradle	2025-12-27T17:38:02.6012475Z > Task :lib:playlist-utils:generateReleaseEmptyResourceFiles
build	Build with Gradle	2025-12-27T17:38:02.6036779Z > Task :core:writeReleaseAarMetadata
build	Build with Gradle	2025-12-27T17:38:02.6037300Z > Task :lib:playlist-utils:writeReleaseAarMetadata
build	Build with Gradle	2025-12-27T17:38:02.6038025Z > Task :lib:playlist-utils:checkKotlinGradlePluginConfigurationErrors SKIPPED
build	Build with Gradle	2025-12-27T17:38:02.6993223Z > Task :lib:playlist-utils:javaPreCompileRelease
build	Build with Gradle	2025-12-27T17:38:02.8006774Z > Task :lib:playlist-utils:mergeReleaseJniLibFolders
build	Build with Gradle	2025-12-27T17:38:02.8009383Z > Task :lib:playlist-utils:mergeReleaseNativeLibs NO-SOURCE
build	Build with Gradle	2025-12-27T17:38:02.8011325Z > Task :lib:playlist-utils:stripReleaseDebugSymbols NO-SOURCE
build	Build with Gradle	2025-12-27T17:38:02.8013430Z > Task :core:packageReleaseResources
build	Build with Gradle	2025-12-27T17:38:02.8015097Z > Task :core:extractDeepLinksRelease
build	Build with Gradle	2025-12-27T17:38:02.8017021Z > Task :lib:playlist-utils:generateReleaseAssets UP-TO-DATE
build	Build with Gradle	2025-12-27T17:38:02.8025937Z > Task :lib:playlist-utils:copyReleaseJniLibsProjectAndLocalJars
build	Build with Gradle	2025-12-27T17:38:02.8026674Z > Task :lib:playlist-utils:packageReleaseAssets FROM-CACHE
build	Build with Gradle	2025-12-27T17:38:02.8027614Z > Task :lib:playlist-utils:prepareLintJarForPublish
build	Build with Gradle	2025-12-27T17:38:02.8028161Z > Task :lib:playlist-utils:prepareReleaseArtProfile
build	Build with Gradle	2025-12-27T17:38:02.8994362Z > Task :core:processReleaseManifest
build	Build with Gradle	2025-12-27T17:38:02.8995052Z > Task :lib:playlist-utils:extractProguardFiles
build	Build with Gradle	2025-12-27T17:38:02.8995785Z > Task :lib:playlist-utils:processReleaseManifest
build	Build with Gradle	2025-12-27T17:38:02.8996326Z > Task :lib:playlist-utils:writeReleaseLintModelMetadata
build	Build with Gradle	2025-12-27T17:38:02.8996838Z > Task :lib:playlist-utils:copyReleaseJniLibsProjectOnly
build	Build with Gradle	2025-12-27T17:38:04.9992758Z > Task :app:buildKotlinToolingMetadata
build	Build with Gradle	2025-12-27T17:38:04.9993724Z > Task :app:checkKotlinGradlePluginConfigurationErrors SKIPPED
build	Build with Gradle	2025-12-27T17:38:04.9994513Z > Task :app:preBuild UP-TO-DATE
build	Build with Gradle	2025-12-27T17:38:04.9995089Z > Task :app:preReleaseBuild UP-TO-DATE
build	Build with Gradle	2025-12-27T17:38:05.5992706Z > Task :core:compileReleaseLibraryResources
build	Build with Gradle	2025-12-27T17:38:05.8009737Z > Task :core:checkKotlinGradlePluginConfigurationErrors SKIPPED
build	Build with Gradle	2025-12-27T17:38:05.8010978Z > Task :core:javaPreCompileRelease FROM-CACHE
build	Build with Gradle	2025-12-27T17:38:05.8011914Z > Task :core:mergeReleaseJniLibFolders FROM-CACHE
build	Build with Gradle	2025-12-27T17:38:05.8019812Z > Task :core:mergeReleaseNativeLibs NO-SOURCE
build	Build with Gradle	2025-12-27T17:38:05.8020366Z > Task :core:stripReleaseDebugSymbols NO-SOURCE
build	Build with Gradle	2025-12-27T17:38:05.8020912Z > Task :core:copyReleaseJniLibsProjectAndLocalJars
build	Build with Gradle	2025-12-27T17:38:05.8021431Z > Task :core:extractDeepLinksForAarRelease
build	Build with Gradle	2025-12-27T17:38:05.8021928Z > Task :core:generateReleaseAssets UP-TO-DATE
build	Build with Gradle	2025-12-27T17:38:05.8022411Z > Task :core:packageReleaseAssets FROM-CACHE
build	Build with Gradle	2025-12-27T17:38:05.8022904Z > Task :core:prepareReleaseArtProfile
build	Build with Gradle	2025-12-27T17:38:05.8023321Z > Task :core:prepareLintJarForPublish
build	Build with Gradle	2025-12-27T17:38:05.8023739Z > Task :core:extractProguardFiles
build	Build with Gradle	2025-12-27T17:38:05.9058163Z > Task :core:writeReleaseLintModelMetadata
build	Build with Gradle	2025-12-27T17:38:05.9058887Z > Task :core:copyReleaseJniLibsProjectOnly
build	Build with Gradle	2025-12-27T17:38:05.9059395Z > Task :core:parseReleaseLocalResources
build	Build with Gradle	2025-12-27T17:38:05.9063686Z > Task :core:generateReleaseRFile
build	Build with Gradle	2025-12-27T17:38:10.1993231Z > Task :app:checkReleaseAarMetadata
build	Build with Gradle	2025-12-27T17:38:10.2008522Z > Task :app:mapReleaseSourceSetPaths
build	Build with Gradle	2025-12-27T17:38:10.2009025Z > Task :app:generateReleaseResources UP-TO-DATE
build	Build with Gradle	2025-12-27T17:38:10.3019035Z > Task :app:packageReleaseResources
build	Build with Gradle	2025-12-27T17:38:10.3019594Z > Task :app:createReleaseCompatibleScreenManifests
build	Build with Gradle	2025-12-27T17:38:10.3020082Z > Task :app:extractDeepLinksRelease
build	Build with Gradle	2025-12-27T17:38:10.3020519Z > Task :app:parseReleaseLocalResources
build	Build with Gradle	2025-12-27T17:38:10.4008803Z > Task :app:mergeReleaseResources
build	Build with Gradle	2025-12-27T17:38:10.4009839Z 
build	Build with Gradle	2025-12-27T17:38:10.4010262Z > Task :app:processReleaseMainManifest
build	Build with Gradle	2025-12-27T17:38:10.4012216Z package="eu.kanade.tachiyomi.animeextension.bn.ftpbd" found in source AndroidManifest.xml: /home/runner/work/ftpbd/ftpbd/app/src/main/AndroidManifest.xml.
build	Build with Gradle	2025-12-27T17:38:10.4013793Z Setting the namespace via the package attribute in the source AndroidManifest.xml is no longer supported, and the value is ignored.
build	Build with Gradle	2025-12-27T17:38:10.4015815Z Recommendation: remove package="eu.kanade.tachiyomi.animeextension.bn.ftpbd" from the source AndroidManifest.xml: /home/runner/work/ftpbd/ftpbd/app/src/main/AndroidManifest.xml.
build	Build with Gradle	2025-12-27T17:38:10.4995401Z 
build	Build with Gradle	2025-12-27T17:38:10.5007531Z > Task :app:processReleaseManifest
build	Build with Gradle	2025-12-27T17:38:10.5008427Z > Task :app:javaPreCompileRelease FROM-CACHE
build	Build with Gradle	2025-12-27T17:38:10.5009045Z > Task :app:extractProguardFiles
build	Build with Gradle	2025-12-27T17:38:10.5009494Z > Task :app:mergeReleaseJniLibFolders FROM-CACHE
build	Build with Gradle	2025-12-27T17:38:10.9992207Z > Task :app:mergeReleaseNativeLibs
build	Build with Gradle	2025-12-27T17:38:11.6992323Z > Task :app:checkReleaseDuplicateClasses
build	Build with Gradle	2025-12-27T17:38:11.6993042Z > Task :app:processReleaseManifestForPackage
build	Build with Gradle	2025-12-27T17:38:11.8991675Z 
build	Build with Gradle	2025-12-27T17:38:11.8992437Z > Task :app:stripReleaseDebugSymbols
build	Build with Gradle	2025-12-27T17:38:11.8993038Z Unable to strip the following libraries, packaging them as they are: libquickjs.so.
build	Build with Gradle	2025-12-27T17:38:31.0991768Z 
build	Build with Gradle	2025-12-27T17:38:31.0992905Z > Task :app:processReleaseResources FAILED
build	Build with Gradle	2025-12-27T17:38:35.8993486Z > Task :core:compileReleaseKotlin
build	Build with Gradle	2025-12-27T17:38:44.5993737Z > Task :core:compileReleaseKotlin FAILED
build	Build with Gradle	2025-12-27T17:38:44.7039762Z 
build	Build with Gradle	2025-12-27T17:38:44.7046765Z FAILURE: Build completed with 2 failures.
build	Build with Gradle	2025-12-27T17:38:44.7075739Z 
build	Build with Gradle	2025-12-27T17:38:44.7076438Z 1: Task failed with an exception.
build	Build with Gradle	2025-12-27T17:38:44.7077146Z -----------
build	Build with Gradle	2025-12-27T17:38:44.7077674Z * What went wrong:
build	Build with Gradle	2025-12-27T17:38:44.7078400Z Execution failed for task ':app:processReleaseResources'.
build	Build with Gradle	2025-12-27T17:38:44.7079191Z > Could not resolve all files for configuration ':app:releaseCompileClasspath'.
build	Build with Gradle	2025-12-27T17:38:44.7079968Z    > Could not resolve org.jetbrains.kotlin:kotlin-stdlib-jdk8:2.0.0.
build	Build with Gradle	2025-12-27T17:38:44.7080484Z      Required by:
build	Build with Gradle	2025-12-27T17:38:44.7083548Z          project :app
build	Build with Gradle	2025-12-27T17:38:44.7084271Z       > Cannot find a version of 'org.jetbrains.kotlin:kotlin-stdlib-jdk8' that satisfies the version constraints:
build	Build with Gradle	2025-12-27T17:38:44.7085546Z            Dependency path 'ftpbd:app:unspecified' --> 'org.jetbrains.kotlin:kotlin-stdlib-jdk8:2.0.0'
build	Build with Gradle	2025-12-27T17:38:44.7086947Z            Constraint path 'ftpbd:app:unspecified' --> 'org.jetbrains.kotlin:kotlin-stdlib-jdk8:{strictly 1.8.0}' because of the following reason: releaseRuntimeClasspath uses version 1.8.0
build	Build with Gradle	2025-12-27T17:38:44.7209516Z            Constraint path 'ftpbd:app:unspecified' --> 'org.jetbrains.kotlin:kotlin-stdlib-jdk8:2.0.0' (compile) --> 'org.jetbrains.kotlin:kotlin-stdlib:2.0.0' (jvmApiElements) --> 'org.jetbrains.kotlin:kotlin-stdlib-jdk8:1.8.0'
build	Build with Gradle	2025-12-27T17:38:44.7212008Z            Dependency path 'ftpbd:app:unspecified' --> 'dev.datlag.jsunpacker:jsunpacker:1.0.1' (jvmApiElements-published) --> 'dev.datlag.jsunpacker:jsunpacker-jvm:1.0.1' (jvmApiElements-published) --> 'org.jetbrains.kotlin:kotlin-stdlib-jdk8:1.7.0'
build	Build with Gradle	2025-12-27T17:38:44.7213432Z 
build	Build with Gradle	2025-12-27T17:38:44.7213660Z    > Could not resolve androidx.annotation:annotation:1.7.1.
build	Build with Gradle	2025-12-27T17:38:44.7214121Z      Required by:
build	Build with Gradle	2025-12-27T17:38:44.7214405Z          project :app
build	Build with Gradle	2025-12-27T17:38:44.7214971Z       > Cannot find a version of 'androidx.annotation:annotation' that satisfies the version constraints:
build	Build with Gradle	2025-12-27T17:38:44.7215954Z            Dependency path 'ftpbd:app:unspecified' --> 'androidx.annotation:annotation:1.7.1'
build	Build with Gradle	2025-12-27T17:38:44.7217081Z            Constraint path 'ftpbd:app:unspecified' --> 'androidx.annotation:annotation:{strictly 1.1.0}' because of the following reason: releaseRuntimeClasspath uses version 1.1.0
build	Build with Gradle	2025-12-27T17:38:44.7218607Z            Dependency path 'ftpbd:app:unspecified' --> 'androidx.preference:preference:1.2.1' (releaseVariantReleaseApiPublication) --> 'androidx.annotation:annotation:1.2.0'
build	Build with Gradle	2025-12-27T17:38:44.7220528Z            Dependency path 'ftpbd:app:unspecified' --> 'app.cash.quickjs:quickjs-android:0.9.2' (releaseApiPublication) --> 'androidx.annotation:annotation:1.1.0'
build	Build with Gradle	2025-12-27T17:38:44.7222186Z            Dependency path 'ftpbd:app:unspecified' --> 'androidx.preference:preference:1.2.1' (releaseVariantReleaseApiPublication) --> 'androidx.appcompat:appcompat:1.1.0' (compile) --> 'androidx.annotation:annotation:1.1.0'
build	Build with Gradle	2025-12-27T17:38:44.7224201Z            Dependency path 'ftpbd:app:unspecified' --> 'androidx.preference:preference:1.2.1' (releaseVariantReleaseApiPublication) --> 'androidx.recyclerview:recyclerview:1.0.0' (compile) --> 'androidx.annotation:annotation:1.0.0'
build	Build with Gradle	2025-12-27T17:38:44.7226666Z            Dependency path 'ftpbd:app:unspecified' --> 'androidx.preference:preference:1.2.1' (releaseVariantReleaseApiPublication) --> 'androidx.slidingpanelayout:slidingpanelayout:1.2.0' (releaseVariantReleaseApiPublication) --> 'androidx.annotation:annotation:1.1.0'
build	Build with Gradle	2025-12-27T17:38:44.7229236Z            Dependency path 'ftpbd:app:unspecified' --> 'androidx.preference:preference:1.2.1' (releaseVariantReleaseApiPublication) --> 'androidx.appcompat:appcompat:1.1.0' (compile) --> 'androidx.cursoradapter:cursoradapter:1.0.0' (compile) --> 'androidx.annotation:annotation:1.0.0'
build	Build with Gradle	2025-12-27T17:38:44.7232024Z            Dependency path 'ftpbd:app:unspecified' --> 'androidx.preference:preference:1.2.1' (releaseVariantReleaseApiPublication) --> 'androidx.appcompat:appcompat:1.1.0' (compile) --> 'androidx.appcompat:appcompat-resources:1.1.0' (compile) --> 'androidx.annotation:annotation:1.1.0'
build	Build with Gradle	2025-12-27T17:38:44.7234525Z            Dependency path 'ftpbd:app:unspecified' --> 'androidx.preference:preference:1.2.1' (releaseVariantReleaseApiPublication) --> 'androidx.appcompat:appcompat:1.1.0' (compile) --> 'androidx.drawerlayout:drawerlayout:1.0.0' (compile) --> 'androidx.annotation:annotation:1.0.0'
build	Build with Gradle	2025-12-27T17:38:44.7281626Z            Dependency path 'ftpbd:app:unspecified' --> 'androidx.preference:preference:1.2.1' (releaseVariantReleaseApiPublication) --> 'androidx.activity:activity-ktx:1.5.1' (releaseVariantReleaseApiPublication) --> 'androidx.activity:activity:1.5.1' (releaseVariantReleaseApiPublication) --> 'androidx.annotation:annotation:1.1.0'
build	Build with Gradle	2025-12-27T17:38:44.7285019Z            Dependency path 'ftpbd:app:unspecified' --> 'androidx.preference:preference:1.2.1' (releaseVariantReleaseApiPublication) --> 'androidx.activity:activity-ktx:1.5.1' (releaseVariantReleaseApiPublication) --> 'androidx.lifecycle:lifecycle-runtime-ktx:2.5.1' (releaseVariantReleaseApiPublication) --> 'androidx.annotation:annotation:1.0.0'
build	Build with Gradle	2025-12-27T17:38:44.7288223Z            Dependency path 'ftpbd:app:unspecified' --> 'androidx.preference:preference:1.2.1' (releaseVariantReleaseApiPublication) --> 'androidx.appcompat:appcompat:1.1.0' (compile) --> 'androidx.fragment:fragment:1.3.6' (releaseApiPublication) --> 'androidx.annotation:annotation:1.1.0'
build	Build with Gradle	2025-12-27T17:38:44.7290859Z            Dependency path 'ftpbd:app:unspecified' --> 'androidx.preference:preference:1.2.1' (releaseVariantReleaseApiPublication) --> 'androidx.recyclerview:recyclerview:1.0.0' (compile) --> 'androidx.legacy:legacy-support-core-ui:1.0.0' (compile) --> 'androidx.annotation:annotation:1.0.0'
build	Build with Gradle	2025-12-27T17:38:44.7293730Z            Dependency path 'ftpbd:app:unspecified' --> 'androidx.preference:preference:1.2.1' (releaseVariantReleaseApiPublication) --> 'androidx.slidingpanelayout:slidingpanelayout:1.2.0' (releaseVariantReleaseApiPublication) --> 'androidx.customview:customview:1.1.0' (compile) --> 'androidx.annotation:annotation:1.1.0'
build	Build with Gradle	2025-12-27T17:38:44.7297006Z            Dependency path 'ftpbd:app:unspecified' --> 'androidx.preference:preference:1.2.1' (releaseVariantReleaseApiPublication) --> 'androidx.appcompat:appcompat:1.1.0' (compile) --> 'androidx.appcompat:appcompat-resources:1.1.0' (compile) --> 'androidx.vectordrawable:vectordrawable:1.1.0' (compile) --> 'androidx.annotation:annotation:1.1.0'
build	Build with Gradle	2025-12-27T17:38:44.7299991Z            Dependency path 'ftpbd:app:unspecified' --> 'androidx.preference:preference:1.2.1' (releaseVariantReleaseApiPublication) --> 'androidx.core:core:1.8.0' (releaseVariantReleaseApiPublication) --> 'androidx.annotation:annotation:1.2.0'
build	Build with Gradle	2025-12-27T17:38:44.7303075Z            Dependency path 'ftpbd:app:unspecified' --> 'androidx.preference:preference:1.2.1' (releaseVariantReleaseApiPublication) --> 'androidx.activity:activity-ktx:1.5.1' (releaseVariantReleaseApiPublication) --> 'androidx.activity:activity:1.5.1' (releaseVariantReleaseApiPublication) --> 'androidx.lifecycle:lifecycle-runtime:2.5.1' (releaseVariantReleaseApiPublication) --> 'androidx.annotation:annotation:1.1.0'
build	Build with Gradle	2025-12-27T17:38:44.7360430Z            Dependency path 'ftpbd:app:unspecified' --> 'androidx.preference:preference:1.2.1' (releaseVariantReleaseApiPublication) --> 'androidx.activity:activity-ktx:1.5.1' (releaseVariantReleaseApiPublication) --> 'androidx.activity:activity:1.5.1' (releaseVariantReleaseApiPublication) --> 'androidx.lifecycle:lifecycle-viewmodel:2.5.1' (releaseVariantReleaseApiPublication) --> 'androidx.annotation:annotation:1.1.0'
build	Build with Gradle	2025-12-27T17:38:44.7365566Z            Dependency path 'ftpbd:app:unspecified' --> 'androidx.preference:preference:1.2.1' (releaseVariantReleaseApiPublication) --> 'androidx.activity:activity-ktx:1.5.1' (releaseVariantReleaseApiPublication) --> 'androidx.activity:activity:1.5.1' (releaseVariantReleaseApiPublication) --> 'androidx.lifecycle:lifecycle-viewmodel-savedstate:2.5.1' (releaseVariantReleaseApiPublication) --> 'androidx.annotation:annotation:1.0.0'
build	Build with Gradle	2025-12-27T17:38:44.7370462Z            Dependency path 'ftpbd:app:unspecified' --> 'androidx.preference:preference:1.2.1' (releaseVariantReleaseApiPublication) --> 'androidx.activity:activity-ktx:1.5.1' (releaseVariantReleaseApiPublication) --> 'androidx.activity:activity:1.5.1' (releaseVariantReleaseApiPublication) --> 'androidx.savedstate:savedstate:1.2.0' (releaseVariantReleaseApiPublication) --> 'androidx.annotation:annotation:1.1.0'
build	Build with Gradle	2025-12-27T17:38:44.7374013Z            Dependency path 'ftpbd:app:unspecified' --> 'androidx.preference:preference:1.2.1' (releaseVariantReleaseApiPublication) --> 'androidx.appcompat:appcompat:1.1.0' (compile) --> 'androidx.collection:collection:1.1.0' (compile) --> 'androidx.annotation:annotation:1.1.0'
build	Build with Gradle	2025-12-27T17:38:44.7377163Z            Dependency path 'ftpbd:app:unspecified' --> 'androidx.preference:preference:1.2.1' (releaseVariantReleaseApiPublication) --> 'androidx.appcompat:appcompat:1.1.0' (compile) --> 'androidx.fragment:fragment:1.3.6' (releaseApiPublication) --> 'androidx.viewpager:viewpager:1.0.0' (compile) --> 'androidx.annotation:annotation:1.0.0'
build	Build with Gradle	2025-12-27T17:38:44.7380111Z            Dependency path 'ftpbd:app:unspecified' --> 'androidx.preference:preference:1.2.1' (releaseVariantReleaseApiPublication) --> 'androidx.appcompat:appcompat:1.1.0' (compile) --> 'androidx.fragment:fragment:1.3.6' (releaseApiPublication) --> 'androidx.loader:loader:1.0.0' (compile) --> 'androidx.annotation:annotation:1.0.0'
build	Build with Gradle	2025-12-27T17:38:44.7383177Z            Dependency path 'ftpbd:app:unspecified' --> 'androidx.preference:preference:1.2.1' (releaseVariantReleaseApiPublication) --> 'androidx.recyclerview:recyclerview:1.0.0' (compile) --> 'androidx.legacy:legacy-support-core-ui:1.0.0' (compile) --> 'androidx.legacy:legacy-support-core-utils:1.0.0' (compile) --> 'androidx.annotation:annotation:1.0.0'
build	Build with Gradle	2025-12-27T17:38:44.7427073Z            Dependency path 'ftpbd:app:unspecified' --> 'androidx.preference:preference:1.2.1' (releaseVariantReleaseApiPublication) --> 'androidx.recyclerview:recyclerview:1.0.0' (compile) --> 'androidx.legacy:legacy-support-core-ui:1.0.0' (compile) --> 'androidx.coordinatorlayout:coordinatorlayout:1.0.0' (compile) --> 'androidx.annotation:annotation:1.0.0'
build	Build with Gradle	2025-12-27T17:38:44.7430691Z            Dependency path 'ftpbd:app:unspecified' --> 'androidx.preference:preference:1.2.1' (releaseVariantReleaseApiPublication) --> 'androidx.recyclerview:recyclerview:1.0.0' (compile) --> 'androidx.legacy:legacy-support-core-ui:1.0.0' (compile) --> 'androidx.interpolator:interpolator:1.0.0' (compile) --> 'androidx.annotation:annotation:1.0.0'
build	Build with Gradle	2025-12-27T17:38:44.7434407Z            Dependency path 'ftpbd:app:unspecified' --> 'androidx.preference:preference:1.2.1' (releaseVariantReleaseApiPublication) --> 'androidx.recyclerview:recyclerview:1.0.0' (compile) --> 'androidx.legacy:legacy-support-core-ui:1.0.0' (compile) --> 'androidx.swiperefreshlayout:swiperefreshlayout:1.0.0' (compile) --> 'androidx.annotation:annotation:1.0.0'
build	Build with Gradle	2025-12-27T17:38:44.7438332Z            Dependency path 'ftpbd:app:unspecified' --> 'androidx.preference:preference:1.2.1' (releaseVariantReleaseApiPublication) --> 'androidx.recyclerview:recyclerview:1.0.0' (compile) --> 'androidx.legacy:legacy-support-core-ui:1.0.0' (compile) --> 'androidx.asynclayoutinflater:asynclayoutinflater:1.0.0' (compile) --> 'androidx.annotation:annotation:1.0.0'
build	Build with Gradle	2025-12-27T17:38:44.7441933Z            Dependency path 'ftpbd:app:unspecified' --> 'androidx.preference:preference:1.2.1' (releaseVariantReleaseApiPublication) --> 'androidx.core:core:1.8.0' (releaseVariantReleaseApiPublication) --> 'androidx.versionedparcelable:versionedparcelable:1.1.1' (compile) --> 'androidx.annotation:annotation:1.1.0'
build	Build with Gradle	2025-12-27T17:38:44.7446310Z            Dependency path 'ftpbd:app:unspecified' --> 'androidx.preference:preference:1.2.1' (releaseVariantReleaseApiPublication) --> 'androidx.activity:activity-ktx:1.5.1' (releaseVariantReleaseApiPublication) --> 'androidx.activity:activity:1.5.1' (releaseVariantReleaseApiPublication) --> 'androidx.lifecycle:lifecycle-runtime:2.5.1' (releaseVariantReleaseApiPublication) --> 'androidx.arch.core:core-common:2.1.0' (compile) --> 'androidx.annotation:annotation:1.1.0'
build	Build with Gradle	2025-12-27T17:38:44.7451712Z            Dependency path 'ftpbd:app:unspecified' --> 'androidx.preference:preference:1.2.1' (releaseVariantReleaseApiPublication) --> 'androidx.activity:activity-ktx:1.5.1' (releaseVariantReleaseApiPublication) --> 'androidx.activity:activity:1.5.1' (releaseVariantReleaseApiPublication) --> 'androidx.lifecycle:lifecycle-runtime:2.5.1' (releaseVariantReleaseApiPublication) --> 'androidx.lifecycle:lifecycle-common:2.5.1' (apiElements) --> 'androidx.annotation:annotation:1.1.0'
build	Build with Gradle	2025-12-27T17:38:44.7486120Z            Dependency path 'ftpbd:app:unspecified' --> 'androidx.preference:preference:1.2.1' (releaseVariantReleaseApiPublication) --> 'androidx.activity:activity-ktx:1.5.1' (releaseVariantReleaseApiPublication) --> 'androidx.core:core-ktx:1.2.0' (compile) --> 'androidx.annotation:annotation:1.1.0'
build	Build with Gradle	2025-12-27T17:38:44.7524429Z            Dependency path 'ftpbd:app:unspecified' --> 'androidx.preference:preference:1.2.1' (releaseVariantReleaseApiPublication) --> 'androidx.recyclerview:recyclerview:1.0.0' (compile) --> 'androidx.legacy:legacy-support-core-ui:1.0.0' (compile) --> 'androidx.legacy:legacy-support-core-utils:1.0.0' (compile) --> 'androidx.documentfile:documentfile:1.0.0' (compile) --> 'androidx.annotation:annotation:1.0.0'
build	Build with Gradle	2025-12-27T17:38:44.7529052Z            Dependency path 'ftpbd:app:unspecified' --> 'androidx.preference:preference:1.2.1' (releaseVariantReleaseApiPublication) --> 'androidx.recyclerview:recyclerview:1.0.0' (compile) --> 'androidx.legacy:legacy-support-core-ui:1.0.0' (compile) --> 'androidx.legacy:legacy-support-core-utils:1.0.0' (compile) --> 'androidx.localbroadcastmanager:localbroadcastmanager:1.0.0' (compile) --> 'androidx.annotation:annotation:1.0.0'
build	Build with Gradle	2025-12-27T17:38:44.7533181Z            Dependency path 'ftpbd:app:unspecified' --> 'androidx.preference:preference:1.2.1' (releaseVariantReleaseApiPublication) --> 'androidx.recyclerview:recyclerview:1.0.0' (compile) --> 'androidx.legacy:legacy-support-core-ui:1.0.0' (compile) --> 'androidx.legacy:legacy-support-core-utils:1.0.0' (compile) --> 'androidx.print:print:1.0.0' (compile) --> 'androidx.annotation:annotation:1.0.0'
build	Build with Gradle	2025-12-27T17:38:44.7563803Z            Dependency path 'ftpbd:app:unspecified' --> 'androidx.preference:preference:1.2.1' (releaseVariantReleaseApiPublication) --> 'androidx.appcompat:appcompat:1.1.0' (compile) --> 'androidx.fragment:fragment:1.3.6' (releaseApiPublication) --> 'androidx.loader:loader:1.0.0' (compile) --> 'androidx.lifecycle:lifecycle-livedata:2.0.0' (compile) --> 'androidx.arch.core:core-runtime:2.0.0' (compile) --> 'androidx.annotation:annotation:1.0.0'
build	Build with Gradle	2025-12-27T17:38:44.7566646Z 
build	Build with Gradle	2025-12-27T17:38:44.7567011Z    > Could not resolve org.jetbrains.kotlin:kotlin-stdlib-jdk8:{strictly 1.8.0}.
build	Build with Gradle	2025-12-27T17:38:44.7567609Z      Required by:
build	Build with Gradle	2025-12-27T17:38:44.7567929Z          project :app
build	Build with Gradle	2025-12-27T17:38:44.7568635Z       > Cannot find a version of 'org.jetbrains.kotlin:kotlin-stdlib-jdk8' that satisfies the version constraints:
build	Build with Gradle	2025-12-27T17:38:44.7569703Z            Dependency path 'ftpbd:app:unspecified' --> 'org.jetbrains.kotlin:kotlin-stdlib-jdk8:2.0.0'
build	Build with Gradle	2025-12-27T17:38:44.7571116Z            Constraint path 'ftpbd:app:unspecified' --> 'org.jetbrains.kotlin:kotlin-stdlib-jdk8:{strictly 1.8.0}' because of the following reason: releaseRuntimeClasspath uses version 1.8.0
build	Build with Gradle	2025-12-27T17:38:44.7573241Z            Constraint path 'ftpbd:app:unspecified' --> 'org.jetbrains.kotlin:kotlin-stdlib-jdk8:2.0.0' (compile) --> 'org.jetbrains.kotlin:kotlin-stdlib:2.0.0' (jvmApiElements) --> 'org.jetbrains.kotlin:kotlin-stdlib-jdk8:1.8.0'
build	Build with Gradle	2025-12-27T17:38:44.7576035Z            Dependency path 'ftpbd:app:unspecified' --> 'dev.datlag.jsunpacker:jsunpacker:1.0.1' (jvmApiElements-published) --> 'dev.datlag.jsunpacker:jsunpacker-jvm:1.0.1' (jvmApiElements-published) --> 'org.jetbrains.kotlin:kotlin-stdlib-jdk8:1.7.0'
build	Build with Gradle	2025-12-27T17:38:44.7577326Z 
build	Build with Gradle	2025-12-27T17:38:44.7577641Z    > Could not resolve androidx.annotation:annotation:{strictly 1.1.0}.
build	Build with Gradle	2025-12-27T17:38:44.7578188Z      Required by:
build	Build with Gradle	2025-12-27T17:38:44.7578499Z          project :app
build	Build with Gradle	2025-12-27T17:38:44.7579141Z       > Cannot find a version of 'androidx.annotation:annotation' that satisfies the version constraints:
build	Build with Gradle	2025-12-27T17:38:44.7580146Z            Dependency path 'ftpbd:app:unspecified' --> 'androidx.annotation:annotation:1.7.1'
build	Build with Gradle	2025-12-27T17:38:44.7581498Z            Constraint path 'ftpbd:app:unspecified' --> 'androidx.annotation:annotation:{strictly 1.1.0}' because of the following reason: releaseRuntimeClasspath uses version 1.1.0
build	Build with Gradle	2025-12-27T17:38:44.7583289Z            Dependency path 'ftpbd:app:unspecified' --> 'androidx.preference:preference:1.2.1' (releaseVariantReleaseApiPublication) --> 'androidx.annotation:annotation:1.2.0'
build	Build with Gradle	2025-12-27T17:38:44.7584993Z            Dependency path 'ftpbd:app:unspecified' --> 'app.cash.quickjs:quickjs-android:0.9.2' (releaseApiPublication) --> 'androidx.annotation:annotation:1.1.0'
build	Build with Gradle	2025-12-27T17:38:44.7587176Z            Dependency path 'ftpbd:app:unspecified' --> 'androidx.preference:preference:1.2.1' (releaseVariantReleaseApiPublication) --> 'androidx.appcompat:appcompat:1.1.0' (compile) --> 'androidx.annotation:annotation:1.1.0'
build	Build with Gradle	2025-12-27T17:38:44.7589520Z            Dependency path 'ftpbd:app:unspecified' --> 'androidx.preference:preference:1.2.1' (releaseVariantReleaseApiPublication) --> 'androidx.recyclerview:recyclerview:1.0.0' (compile) --> 'androidx.annotation:annotation:1.0.0'
build	Build with Gradle	2025-12-27T17:38:44.7592239Z            Dependency path 'ftpbd:app:unspecified' --> 'androidx.preference:preference:1.2.1' (releaseVariantReleaseApiPublication) --> 'androidx.slidingpanelayout:slidingpanelayout:1.2.0' (releaseVariantReleaseApiPublication) --> 'androidx.annotation:annotation:1.1.0'
build	Build with Gradle	2025-12-27T17:38:44.7595371Z            Dependency path 'ftpbd:app:unspecified' --> 'androidx.preference:preference:1.2.1' (releaseVariantReleaseApiPublication) --> 'androidx.appcompat:appcompat:1.1.0' (compile) --> 'androidx.cursoradapter:cursoradapter:1.0.0' (compile) --> 'androidx.annotation:annotation:1.0.0'
build	Build with Gradle	2025-12-27T17:38:44.7598295Z            Dependency path 'ftpbd:app:unspecified' --> 'androidx.preference:preference:1.2.1' (releaseVariantReleaseApiPublication) --> 'androidx.appcompat:appcompat:1.1.0' (compile) --> 'androidx.appcompat:appcompat-resources:1.1.0' (compile) --> 'androidx.annotation:annotation:1.1.0'
build	Build with Gradle	2025-12-27T17:38:44.7601488Z            Dependency path 'ftpbd:app:unspecified' --> 'androidx.preference:preference:1.2.1' (releaseVariantReleaseApiPublication) --> 'androidx.appcompat:appcompat:1.1.0' (compile) --> 'androidx.drawerlayout:drawerlayout:1.0.0' (compile) --> 'androidx.annotation:annotation:1.0.0'
build	Build with Gradle	2025-12-27T17:38:44.7604805Z            Dependency path 'ftpbd:app:unspecified' --> 'androidx.preference:preference:1.2.1' (releaseVariantReleaseApiPublication) --> 'androidx.activity:activity-ktx:1.5.1' (releaseVariantReleaseApiPublication) --> 'androidx.activity:activity:1.5.1' (releaseVariantReleaseApiPublication) --> 'androidx.annotation:annotation:1.1.0'
build	Build with Gradle	2025-12-27T17:38:44.7608735Z            Dependency path 'ftpbd:app:unspecified' --> 'androidx.preference:preference:1.2.1' (releaseVariantReleaseApiPublication) --> 'androidx.activity:activity-ktx:1.5.1' (releaseVariantReleaseApiPublication) --> 'androidx.lifecycle:lifecycle-runtime-ktx:2.5.1' (releaseVariantReleaseApiPublication) --> 'androidx.annotation:annotation:1.0.0'
build	Build with Gradle	2025-12-27T17:38:44.7612152Z            Dependency path 'ftpbd:app:unspecified' --> 'androidx.preference:preference:1.2.1' (releaseVariantReleaseApiPublication) --> 'androidx.appcompat:appcompat:1.1.0' (compile) --> 'androidx.fragment:fragment:1.3.6' (releaseApiPublication) --> 'androidx.annotation:annotation:1.1.0'
build	Build with Gradle	2025-12-27T17:38:44.7632489Z            Dependency path 'ftpbd:app:unspecified' --> 'androidx.preference:preference:1.2.1' (releaseVariantReleaseApiPublication) --> 'androidx.recyclerview:recyclerview:1.0.0' (compile) --> 'androidx.legacy:legacy-support-core-ui:1.0.0' (compile) --> 'androidx.annotation:annotation:1.0.0'
build	Build with Gradle	2025-12-27T17:38:44.7635776Z            Dependency path 'ftpbd:app:unspecified' --> 'androidx.preference:preference:1.2.1' (releaseVariantReleaseApiPublication) --> 'androidx.slidingpanelayout:slidingpanelayout:1.2.0' (releaseVariantReleaseApiPublication) --> 'androidx.customview:customview:1.1.0' (compile) --> 'androidx.annotation:annotation:1.1.0'
build	Build with Gradle	2025-12-27T17:38:44.7639379Z            Dependency path 'ftpbd:app:unspecified' --> 'androidx.preference:preference:1.2.1' (releaseVariantReleaseApiPublication) --> 'androidx.appcompat:appcompat:1.1.0' (compile) --> 'androidx.appcompat:appcompat-resources:1.1.0' (compile) --> 'androidx.vectordrawable:vectordrawable:1.1.0' (compile) --> 'androidx.annotation:annotation:1.1.0'
build	Build with Gradle	2025-12-27T17:38:44.7642520Z            Dependency path 'ftpbd:app:unspecified' --> 'androidx.preference:preference:1.2.1' (releaseVariantReleaseApiPublication) --> 'androidx.core:core:1.8.0' (releaseVariantReleaseApiPublication) --> 'androidx.annotation:annotation:1.2.0'
build	Build with Gradle	2025-12-27T17:38:44.7646305Z            Dependency path 'ftpbd:app:unspecified' --> 'androidx.preference:preference:1.2.1' (releaseVariantReleaseApiPublication) --> 'androidx.activity:activity-ktx:1.5.1' (releaseVariantReleaseApiPublication) --> 'androidx.activity:activity:1.5.1' (releaseVariantReleaseApiPublication) --> 'androidx.lifecycle:lifecycle-runtime:2.5.1' (releaseVariantReleaseApiPublication) --> 'androidx.annotation:annotation:1.1.0'
build	Build with Gradle	2025-12-27T17:38:44.7651003Z            Dependency path 'ftpbd:app:unspecified' --> 'androidx.preference:preference:1.2.1' (releaseVariantReleaseApiPublication) --> 'androidx.activity:activity-ktx:1.5.1' (releaseVariantReleaseApiPublication) --> 'androidx.activity:activity:1.5.1' (releaseVariantReleaseApiPublication) --> 'androidx.lifecycle:lifecycle-viewmodel:2.5.1' (releaseVariantReleaseApiPublication) --> 'androidx.annotation:annotation:1.1.0'
build	Build with Gradle	2025-12-27T17:38:44.7686090Z            Dependency path 'ftpbd:app:unspecified' --> 'androidx.preference:preference:1.2.1' (releaseVariantReleaseApiPublication) --> 'androidx.activity:activity-ktx:1.5.1' (releaseVariantReleaseApiPublication) --> 'androidx.activity:activity:1.5.1' (releaseVariantReleaseApiPublication) --> 'androidx.lifecycle:lifecycle-viewmodel-savedstate:2.5.1' (releaseVariantReleaseApiPublication) --> 'androidx.annotation:annotation:1.0.0'
build	Build with Gradle	2025-12-27T17:38:44.7691099Z            Dependency path 'ftpbd:app:unspecified' --> 'androidx.preference:preference:1.2.1' (releaseVariantReleaseApiPublication) --> 'androidx.activity:activity-ktx:1.5.1' (releaseVariantReleaseApiPublication) --> 'androidx.activity:activity:1.5.1' (releaseVariantReleaseApiPublication) --> 'androidx.savedstate:savedstate:1.2.0' (releaseVariantReleaseApiPublication) --> 'androidx.annotation:annotation:1.1.0'
build	Build with Gradle	2025-12-27T17:38:44.7694849Z            Dependency path 'ftpbd:app:unspecified' --> 'androidx.preference:preference:1.2.1' (releaseVariantReleaseApiPublication) --> 'androidx.appcompat:appcompat:1.1.0' (compile) --> 'androidx.collection:collection:1.1.0' (compile) --> 'androidx.annotation:annotation:1.1.0'
build	Build with Gradle	2025-12-27T17:38:44.7698209Z            Dependency path 'ftpbd:app:unspecified' --> 'androidx.preference:preference:1.2.1' (releaseVariantReleaseApiPublication) --> 'androidx.appcompat:appcompat:1.1.0' (compile) --> 'androidx.fragment:fragment:1.3.6' (releaseApiPublication) --> 'androidx.viewpager:viewpager:1.0.0' (compile) --> 'androidx.annotation:annotation:1.0.0'
build	Build with Gradle	2025-12-27T17:38:44.7701627Z            Dependency path 'ftpbd:app:unspecified' --> 'androidx.preference:preference:1.2.1' (releaseVariantReleaseApiPublication) --> 'androidx.appcompat:appcompat:1.1.0' (compile) --> 'androidx.fragment:fragment:1.3.6' (releaseApiPublication) --> 'androidx.loader:loader:1.0.0' (compile) --> 'androidx.annotation:annotation:1.0.0'
build	Build with Gradle	2025-12-27T17:38:44.7705636Z            Dependency path 'ftpbd:app:unspecified' --> 'androidx.preference:preference:1.2.1' (releaseVariantReleaseApiPublication) --> 'androidx.recyclerview:recyclerview:1.0.0' (compile) --> 'androidx.legacy:legacy-support-core-ui:1.0.0' (compile) --> 'androidx.legacy:legacy-support-core-utils:1.0.0' (compile) --> 'androidx.annotation:annotation:1.0.0'
build	Build with Gradle	2025-12-27T17:38:44.7709381Z            Dependency path 'ftpbd:app:unspecified' --> 'androidx.preference:preference:1.2.1' (releaseVariantReleaseApiPublication) --> 'androidx.recyclerview:recyclerview:1.0.0' (compile) --> 'androidx.legacy:legacy-support-core-ui:1.0.0' (compile) --> 'androidx.coordinatorlayout:coordinatorlayout:1.0.0' (compile) --> 'androidx.annotation:annotation:1.0.0'
build	Build with Gradle	2025-12-27T17:38:44.7713056Z            Dependency path 'ftpbd:app:unspecified' --> 'androidx.preference:preference:1.2.1' (releaseVariantReleaseApiPublication) --> 'androidx.recyclerview:recyclerview:1.0.0' (compile) --> 'androidx.legacy:legacy-support-core-ui:1.0.0' (compile) --> 'androidx.interpolator:interpolator:1.0.0' (compile) --> 'androidx.annotation:annotation:1.0.0'
build	Build with Gradle	2025-12-27T17:38:44.7768130Z            Dependency path 'ftpbd:app:unspecified' --> 'androidx.preference:preference:1.2.1' (releaseVariantReleaseApiPublication) --> 'androidx.recyclerview:recyclerview:1.0.0' (compile) --> 'androidx.legacy:legacy-support-core-ui:1.0.0' (compile) --> 'androidx.swiperefreshlayout:swiperefreshlayout:1.0.0' (compile) --> 'androidx.annotation:annotation:1.0.0'
build	Build with Gradle	2025-12-27T17:38:44.7772011Z            Dependency path 'ftpbd:app:unspecified' --> 'androidx.preference:preference:1.2.1' (releaseVariantReleaseApiPublication) --> 'androidx.recyclerview:recyclerview:1.0.0' (compile) --> 'androidx.legacy:legacy-support-core-ui:1.0.0' (compile) --> 'androidx.asynclayoutinflater:asynclayoutinflater:1.0.0' (compile) --> 'androidx.annotation:annotation:1.0.0'
build	Build with Gradle	2025-12-27T17:38:44.7775737Z            Dependency path 'ftpbd:app:unspecified' --> 'androidx.preference:preference:1.2.1' (releaseVariantReleaseApiPublication) --> 'androidx.core:core:1.8.0' (releaseVariantReleaseApiPublication) --> 'androidx.versionedparcelable:versionedparcelable:1.1.1' (compile) --> 'androidx.annotation:annotation:1.1.0'
build	Build with Gradle	2025-12-27T17:38:44.7780117Z            Dependency path 'ftpbd:app:unspecified' --> 'androidx.preference:preference:1.2.1' (releaseVariantReleaseApiPublication) --> 'androidx.activity:activity-ktx:1.5.1' (releaseVariantReleaseApiPublication) --> 'androidx.activity:activity:1.5.1' (releaseVariantReleaseApiPublication) --> 'androidx.lifecycle:lifecycle-runtime:2.5.1' (releaseVariantReleaseApiPublication) --> 'androidx.arch.core:core-common:2.1.0' (compile) --> 'androidx.annotation:annotation:1.1.0'
build	Build with Gradle	2025-12-27T17:38:44.7785955Z            Dependency path 'ftpbd:app:unspecified' --> 'androidx.preference:preference:1.2.1' (releaseVariantReleaseApiPublication) --> 'androidx.activity:activity-ktx:1.5.1' (releaseVariantReleaseApiPublication) --> 'androidx.activity:activity:1.5.1' (releaseVariantReleaseApiPublication) --> 'androidx.lifecycle:lifecycle-runtime:2.5.1' (releaseVariantReleaseApiPublication) --> 'androidx.lifecycle:lifecycle-common:2.5.1' (apiElements) --> 'androidx.annotation:annotation:1.1.0'
build	Build with Gradle	2025-12-27T17:38:44.7790299Z            Dependency path 'ftpbd:app:unspecified' --> 'androidx.preference:preference:1.2.1' (releaseVariantReleaseApiPublication) --> 'androidx.activity:activity-ktx:1.5.1' (releaseVariantReleaseApiPublication) --> 'androidx.core:core-ktx:1.2.0' (compile) --> 'androidx.annotation:annotation:1.1.0'
build	Build with Gradle	2025-12-27T17:38:44.7794054Z            Dependency path 'ftpbd:app:unspecified' --> 'androidx.preference:preference:1.2.1' (releaseVariantReleaseApiPublication) --> 'androidx.recyclerview:recyclerview:1.0.0' (compile) --> 'androidx.legacy:legacy-support-core-ui:1.0.0' (compile) --> 'androidx.legacy:legacy-support-core-utils:1.0.0' (compile) --> 'androidx.documentfile:documentfile:1.0.0' (compile) --> 'androidx.annotation:annotation:1.0.0'
build	Build with Gradle	2025-12-27T17:38:44.7826506Z            Dependency path 'ftpbd:app:unspecified' --> 'androidx.preference:preference:1.2.1' (releaseVariantReleaseApiPublication) --> 'androidx.recyclerview:recyclerview:1.0.0' (compile) --> 'androidx.legacy:legacy-support-core-ui:1.0.0' (compile) --> 'androidx.legacy:legacy-support-core-utils:1.0.0' (compile) --> 'androidx.localbroadcastmanager:localbroadcastmanager:1.0.0' (compile) --> 'androidx.annotation:annotation:1.0.0'
build	Build with Gradle	2025-12-27T17:38:44.7830759Z            Dependency path 'ftpbd:app:unspecified' --> 'androidx.preference:preference:1.2.1' (releaseVariantReleaseApiPublication) --> 'androidx.recyclerview:recyclerview:1.0.0' (compile) --> 'androidx.legacy:legacy-support-core-ui:1.0.0' (compile) --> 'androidx.legacy:legacy-support-core-utils:1.0.0' (compile) --> 'androidx.print:print:1.0.0' (compile) --> 'androidx.annotation:annotation:1.0.0'
build	Build with Gradle	2025-12-27T17:38:44.7834945Z            Dependency path 'ftpbd:app:unspecified' --> 'androidx.preference:preference:1.2.1' (releaseVariantReleaseApiPublication) --> 'androidx.appcompat:appcompat:1.1.0' (compile) --> 'androidx.fragment:fragment:1.3.6' (releaseApiPublication) --> 'androidx.loader:loader:1.0.0' (compile) --> 'androidx.lifecycle:lifecycle-livedata:2.0.0' (compile) --> 'androidx.arch.core:core-runtime:2.0.0' (compile) --> 'androidx.annotation:annotation:1.0.0'
build	Build with Gradle	2025-12-27T17:38:44.7837455Z 
build	Build with Gradle	2025-12-27T17:38:44.7837706Z    > Could not resolve androidx.annotation:annotation:1.2.0.
build	Build with Gradle	2025-12-27T17:38:44.7838207Z      Required by:
build	Build with Gradle	2025-12-27T17:38:44.7838619Z          project :app > androidx.preference:preference:1.2.1
build	Build with Gradle	2025-12-27T17:38:44.7839279Z          project :app > androidx.preference:preference:1.2.1 > androidx.core:core:1.8.0
build	Build with Gradle	2025-12-27T17:38:44.7840140Z       > Cannot find a version of 'androidx.annotation:annotation' that satisfies the version constraints:
build	Build with Gradle	2025-12-27T17:38:44.7841073Z            Dependency path 'ftpbd:app:unspecified' --> 'androidx.annotation:annotation:1.7.1'
build	Build with Gradle	2025-12-27T17:38:44.7842427Z            Constraint path 'ftpbd:app:unspecified' --> 'androidx.annotation:annotation:{strictly 1.1.0}' because of the following reason: releaseRuntimeClasspath uses version 1.1.0
build	Build with Gradle	2025-12-27T17:38:44.7844240Z            Dependency path 'ftpbd:app:unspecified' --> 'androidx.preference:preference:1.2.1' (releaseVariantReleaseApiPublication) --> 'androidx.annotation:annotation:1.2.0'
build	Build with Gradle	2025-12-27T17:38:44.7851218Z            Dependency path 'ftpbd:app:unspecified' --> 'app.cash.quickjs:quickjs-android:0.9.2' (releaseApiPublication) --> 'androidx.annotation:annotation:1.1.0'
build	Build with Gradle	2025-12-27T17:38:44.7853487Z            Dependency path 'ftpbd:app:unspecified' --> 'androidx.preference:preference:1.2.1' (releaseVariantReleaseApiPublication) --> 'androidx.appcompat:appcompat:1.1.0' (compile) --> 'androidx.annotation:annotation:1.1.0'
build	Build with Gradle	2025-12-27T17:38:44.7856033Z            Dependency path 'ftpbd:app:unspecified' --> 'androidx.preference:preference:1.2.1' (releaseVariantReleaseApiPublication) --> 'androidx.recyclerview:recyclerview:1.0.0' (compile) --> 'androidx.annotation:annotation:1.0.0'
build	Build with Gradle	2025-12-27T17:38:44.7858643Z            Dependency path 'ftpbd:app:unspecified' --> 'androidx.preference:preference:1.2.1' (releaseVariantReleaseApiPublication) --> 'androidx.slidingpanelayout:slidingpanelayout:1.2.0' (releaseVariantReleaseApiPublication) --> 'androidx.annotation:annotation:1.1.0'
build	Build with Gradle	2025-12-27T17:38:44.7861617Z            Dependency path 'ftpbd:app:unspecified' --> 'androidx.preference:preference:1.2.1' (releaseVariantReleaseApiPublication) --> 'androidx.appcompat:appcompat:1.1.0' (compile) --> 'androidx.cursoradapter:cursoradapter:1.0.0' (compile) --> 'androidx.annotation:annotation:1.0.0'
build	Build with Gradle	2025-12-27T17:38:44.7864521Z            Dependency path 'ftpbd:app:unspecified' --> 'androidx.preference:preference:1.2.1' (releaseVariantReleaseApiPublication) --> 'androidx.appcompat:appcompat:1.1.0' (compile) --> 'androidx.appcompat:appcompat-resources:1.1.0' (compile) --> 'androidx.annotation:annotation:1.1.0'
build	Build with Gradle	2025-12-27T17:38:44.7867627Z            Dependency path 'ftpbd:app:unspecified' --> 'androidx.preference:preference:1.2.1' (releaseVariantReleaseApiPublication) --> 'androidx.appcompat:appcompat:1.1.0' (compile) --> 'androidx.drawerlayout:drawerlayout:1.0.0' (compile) --> 'androidx.annotation:annotation:1.0.0'
build	Build with Gradle	2025-12-27T17:38:44.7870773Z            Dependency path 'ftpbd:app:unspecified' --> 'androidx.preference:preference:1.2.1' (releaseVariantReleaseApiPublication) --> 'androidx.activity:activity-ktx:1.5.1' (releaseVariantReleaseApiPublication) --> 'androidx.activity:activity:1.5.1' (releaseVariantReleaseApiPublication) --> 'androidx.annotation:annotation:1.1.0'
build	Build with Gradle	2025-12-27T17:38:44.7874367Z            Dependency path 'ftpbd:app:unspecified' --> 'androidx.preference:preference:1.2.1' (releaseVariantReleaseApiPublication) --> 'androidx.activity:activity-ktx:1.5.1' (releaseVariantReleaseApiPublication) --> 'androidx.lifecycle:lifecycle-runtime-ktx:2.5.1' (releaseVariantReleaseApiPublication) --> 'androidx.annotation:annotation:1.0.0'
build	Build with Gradle	2025-12-27T17:38:44.7881354Z            Dependency path 'ftpbd:app:unspecified' --> 'androidx.preference:preference:1.2.1' (releaseVariantReleaseApiPublication) --> 'androidx.appcompat:appcompat:1.1.0' (compile) --> 'androidx.fragment:fragment:1.3.6' (releaseApiPublication) --> 'androidx.annotation:annotation:1.1.0'
build	Build with Gradle	2025-12-27T17:38:44.7884316Z            Dependency path 'ftpbd:app:unspecified' --> 'androidx.preference:preference:1.2.1' (releaseVariantReleaseApiPublication) --> 'androidx.recyclerview:recyclerview:1.0.0' (compile) --> 'androidx.legacy:legacy-support-core-ui:1.0.0' (compile) --> 'androidx.annotation:annotation:1.0.0'
build	Build with Gradle	2025-12-27T17:38:44.7887846Z            Dependency path 'ftpbd:app:unspecified' --> 'androidx.preference:preference:1.2.1' (releaseVariantReleaseApiPublication) --> 'androidx.slidingpanelayout:slidingpanelayout:1.2.0' (releaseVariantReleaseApiPublication) --> 'androidx.customview:customview:1.1.0' (compile) --> 'androidx.annotation:annotation:1.1.0'
build	Build with Gradle	2025-12-27T17:38:44.7891353Z            Dependency path 'ftpbd:app:unspecified' --> 'androidx.preference:preference:1.2.1' (releaseVariantReleaseApiPublication) --> 'androidx.appcompat:appcompat:1.1.0' (compile) --> 'androidx.appcompat:appcompat-resources:1.1.0' (compile) --> 'androidx.vectordrawable:vectordrawable:1.1.0' (compile) --> 'androidx.annotation:annotation:1.1.0'
build	Build with Gradle	2025-12-27T17:38:44.7894478Z            Dependency path 'ftpbd:app:unspecified' --> 'androidx.preference:preference:1.2.1' (releaseVariantReleaseApiPublication) --> 'androidx.core:core:1.8.0' (releaseVariantReleaseApiPublication) --> 'androidx.annotation:annotation:1.2.0'
build	Build with Gradle	2025-12-27T17:38:44.7898446Z            Dependency path 'ftpbd:app:unspecified' --> 'androidx.preference:preference:1.2.1' (releaseVariantReleaseApiPublication) --> 'androidx.activity:activity-ktx:1.5.1' (releaseVariantReleaseApiPublication) --> 'androidx.activity:activity:1.5.1' (releaseVariantReleaseApiPublication) --> 'androidx.lifecycle:lifecycle-runtime:2.5.1' (releaseVariantReleaseApiPublication) --> 'androidx.annotation:annotation:1.1.0'
build	Build with Gradle	2025-12-27T17:38:44.7903022Z            Dependency path 'ftpbd:app:unspecified' --> 'androidx.preference:preference:1.2.1' (releaseVariantReleaseApiPublication) --> 'androidx.activity:activity-ktx:1.5.1' (releaseVariantReleaseApiPublication) --> 'androidx.activity:activity:1.5.1' (releaseVariantReleaseApiPublication) --> 'androidx.lifecycle:lifecycle-viewmodel:2.5.1' (releaseVariantReleaseApiPublication) --> 'androidx.annotation:annotation:1.1.0'
build	Build with Gradle	2025-12-27T17:38:44.7909448Z            Dependency path 'ftpbd:app:unspecified' --> 'androidx.preference:preference:1.2.1' (releaseVariantReleaseApiPublication) --> 'androidx.activity:activity-ktx:1.5.1' (releaseVariantReleaseApiPublication) --> 'androidx.activity:activity:1.5.1' (releaseVariantReleaseApiPublication) --> 'androidx.lifecycle:lifecycle-viewmodel-savedstate:2.5.1' (releaseVariantReleaseApiPublication) --> 'androidx.annotation:annotation:1.0.0'
build	Build with Gradle	2025-12-27T17:38:44.7914541Z            Dependency path 'ftpbd:app:unspecified' --> 'androidx.preference:preference:1.2.1' (releaseVariantReleaseApiPublication) --> 'androidx.activity:activity-ktx:1.5.1' (releaseVariantReleaseApiPublication) --> 'androidx.activity:activity:1.5.1' (releaseVariantReleaseApiPublication) --> 'androidx.savedstate:savedstate:1.2.0' (releaseVariantReleaseApiPublication) --> 'androidx.annotation:annotation:1.1.0'
build	Build with Gradle	2025-12-27T17:38:44.7918560Z            Dependency path 'ftpbd:app:unspecified' --> 'androidx.preference:preference:1.2.1' (releaseVariantReleaseApiPublication) --> 'androidx.appcompat:appcompat:1.1.0' (compile) --> 'androidx.collection:collection:1.1.0' (compile) --> 'androidx.annotation:annotation:1.1.0'
build	Build with Gradle	2025-12-27T17:38:44.7921715Z            Dependency path 'ftpbd:app:unspecified' --> 'androidx.preference:preference:1.2.1' (releaseVariantReleaseApiPublication) --> 'androidx.appcompat:appcompat:1.1.0' (compile) --> 'androidx.fragment:fragment:1.3.6' (releaseApiPublication) --> 'androidx.viewpager:viewpager:1.0.0' (compile) --> 'androidx.annotation:annotation:1.0.0'
build	Build with Gradle	2025-12-27T17:38:44.7925089Z            Dependency path 'ftpbd:app:unspecified' --> 'androidx.preference:preference:1.2.1' (releaseVariantReleaseApiPublication) --> 'androidx.appcompat:appcompat:1.1.0' (compile) --> 'androidx.fragment:fragment:1.3.6' (releaseApiPublication) --> 'androidx.loader:loader:1.0.0' (compile) --> 'androidx.annotation:annotation:1.0.0'
build	Build with Gradle	2025-12-27T17:38:44.7928629Z            Dependency path 'ftpbd:app:unspecified' --> 'androidx.preference:preference:1.2.1' (releaseVariantReleaseApiPublication) --> 'androidx.recyclerview:recyclerview:1.0.0' (compile) --> 'androidx.legacy:legacy-support-core-ui:1.0.0' (compile) --> 'androidx.legacy:legacy-support-core-utils:1.0.0' (compile) --> 'androidx.annotation:annotation:1.0.0'
build	Build with Gradle	2025-12-27T17:38:44.7932254Z            Dependency path 'ftpbd:app:unspecified' --> 'androidx.preference:preference:1.2.1' (releaseVariantReleaseApiPublication) --> 'androidx.recyclerview:recyclerview:1.0.0' (compile) --> 'androidx.legacy:legacy-support-core-ui:1.0.0' (compile) --> 'androidx.coordinatorlayout:coordinatorlayout:1.0.0' (compile) --> 'androidx.annotation:annotation:1.0.0'
build	Build with Gradle	2025-12-27T17:38:44.7938744Z            Dependency path 'ftpbd:app:unspecified' --> 'androidx.preference:preference:1.2.1' (releaseVariantReleaseApiPublication) --> 'androidx.recyclerview:recyclerview:1.0.0' (compile) --> 'androidx.legacy:legacy-support-core-ui:1.0.0' (compile) --> 'androidx.interpolator:interpolator:1.0.0' (compile) --> 'androidx.annotation:annotation:1.0.0'
build	Build with Gradle	2025-12-27T17:38:44.7942625Z            Dependency path 'ftpbd:app:unspecified' --> 'androidx.preference:preference:1.2.1' (releaseVariantReleaseApiPublication) --> 'androidx.recyclerview:recyclerview:1.0.0' (compile) --> 'androidx.legacy:legacy-support-core-ui:1.0.0' (compile) --> 'androidx.swiperefreshlayout:swiperefreshlayout:1.0.0' (compile) --> 'androidx.annotation:annotation:1.0.0'
build	Build with Gradle	2025-12-27T17:38:44.7946692Z            Dependency path 'ftpbd:app:unspecified' --> 'androidx.preference:preference:1.2.1' (releaseVariantReleaseApiPublication) --> 'androidx.recyclerview:recyclerview:1.0.0' (compile) --> 'androidx.legacy:legacy-support-core-ui:1.0.0' (compile) --> 'androidx.asynclayoutinflater:asynclayoutinflater:1.0.0' (compile) --> 'androidx.annotation:annotation:1.0.0'
build	Build with Gradle	2025-12-27T17:38:44.7950250Z            Dependency path 'ftpbd:app:unspecified' --> 'androidx.preference:preference:1.2.1' (releaseVariantReleaseApiPublication) --> 'androidx.core:core:1.8.0' (releaseVariantReleaseApiPublication) --> 'androidx.versionedparcelable:versionedparcelable:1.1.1' (compile) --> 'androidx.annotation:annotation:1.1.0'
build	Build with Gradle	2025-12-27T17:38:44.7967628Z            Dependency path 'ftpbd:app:unspecified' --> 'androidx.preference:preference:1.2.1' (releaseVariantReleaseApiPublication) --> 'androidx.activity:activity-ktx:1.5.1' (releaseVariantReleaseApiPublication) --> 'androidx.activity:activity:1.5.1' (releaseVariantReleaseApiPublication) --> 'androidx.lifecycle:lifecycle-runtime:2.5.1' (releaseVariantReleaseApiPublication) --> 'androidx.arch.core:core-common:2.1.0' (compile) --> 'androidx.annotation:annotation:1.1.0'
build	Build with Gradle	2025-12-27T17:38:44.7972841Z            Dependency path 'ftpbd:app:unspecified' --> 'androidx.preference:preference:1.2.1' (releaseVariantReleaseApiPublication) --> 'androidx.activity:activity-ktx:1.5.1' (releaseVariantReleaseApiPublication) --> 'androidx.activity:activity:1.5.1' (releaseVariantReleaseApiPublication) --> 'androidx.lifecycle:lifecycle-runtime:2.5.1' (releaseVariantReleaseApiPublication) --> 'androidx.lifecycle:lifecycle-common:2.5.1' (apiElements) --> 'androidx.annotation:annotation:1.1.0'
build	Build with Gradle	2025-12-27T17:38:44.7998237Z            Dependency path 'ftpbd:app:unspecified' --> 'androidx.preference:preference:1.2.1' (releaseVariantReleaseApiPublication) --> 'androidx.activity:activity-ktx:1.5.1' (releaseVariantReleaseApiPublication) --> 'androidx.core:core-ktx:1.2.0' (compile) --> 'androidx.annotation:annotation:1.1.0'
build	Build with Gradle	2025-12-27T17:38:44.8010481Z            Dependency path 'ftpbd:app:unspecified' --> 'androidx.preference:preference:1.2.1' (releaseVariantReleaseApiPublication) --> 'androidx.recyclerview:recyclerview:1.0.0' (compile) --> 'androidx.legacy:legacy-support-core-ui:1.0.0' (compile) --> 'androidx.legacy:legacy-support-core-utils:1.0.0' (compile) --> 'androidx.documentfile:documentfile:1.0.0' (compile) --> 'androidx.annotation:annotation:1.0.0'
build	Build with Gradle	2025-12-27T17:38:44.8014875Z            Dependency path 'ftpbd:app:unspecified' --> 'androidx.preference:preference:1.2.1' (releaseVariantReleaseApiPublication) --> 'androidx.recyclerview:recyclerview:1.0.0' (compile) --> 'androidx.legacy:legacy-support-core-ui:1.0.0' (compile) --> 'androidx.legacy:legacy-support-core-utils:1.0.0' (compile) --> 'androidx.localbroadcastmanager:localbroadcastmanager:1.0.0' (compile) --> 'androidx.annotation:annotation:1.0.0'
build	Build with Gradle	2025-12-27T17:38:44.8020943Z            Dependency path 'ftpbd:app:unspecified' --> 'androidx.preference:preference:1.2.1' (releaseVariantReleaseApiPublication) --> 'androidx.recyclerview:recyclerview:1.0.0' (compile) --> 'androidx.legacy:legacy-support-core-ui:1.0.0' (compile) --> 'androidx.legacy:legacy-support-core-utils:1.0.0' (compile) --> 'androidx.print:print:1.0.0' (compile) --> 'androidx.annotation:annotation:1.0.0'
build	Build with Gradle	2025-12-27T17:38:44.8025691Z            Dependency path 'ftpbd:app:unspecified' --> 'androidx.preference:preference:1.2.1' (releaseVariantReleaseApiPublication) --> 'androidx.appcompat:appcompat:1.1.0' (compile) --> 'androidx.fragment:fragment:1.3.6' (releaseApiPublication) --> 'androidx.loader:loader:1.0.0' (compile) --> 'androidx.lifecycle:lifecycle-livedata:2.0.0' (compile) --> 'androidx.arch.core:core-runtime:2.0.0' (compile) --> 'androidx.annotation:annotation:1.0.0'
build	Build with Gradle	2025-12-27T17:38:44.8028247Z 
build	Build with Gradle	2025-12-27T17:38:44.8028494Z    > Could not resolve androidx.annotation:annotation:1.1.0.
build	Build with Gradle	2025-12-27T17:38:44.8028982Z      Required by:
build	Build with Gradle	2025-12-27T17:38:44.8029387Z          project :app > app.cash.quickjs:quickjs-android:0.9.2
build	Build with Gradle	2025-12-27T17:38:44.8030157Z          project :app > androidx.preference:preference:1.2.1 > androidx.appcompat:appcompat:1.1.0
build	Build with Gradle	2025-12-27T17:38:44.8031188Z          project :app > androidx.preference:preference:1.2.1 > androidx.slidingpanelayout:slidingpanelayout:1.2.0
build	Build with Gradle	2025-12-27T17:38:44.8032446Z          project :app > androidx.preference:preference:1.2.1 > androidx.appcompat:appcompat:1.1.0 > androidx.appcompat:appcompat-resources:1.1.0
build	Build with Gradle	2025-12-27T17:38:44.8033859Z          project :app > androidx.preference:preference:1.2.1 > androidx.core:core:1.8.0 > androidx.versionedparcelable:versionedparcelable:1.1.1
build	Build with Gradle	2025-12-27T17:38:44.8035576Z          project :app > androidx.preference:preference:1.2.1 > androidx.activity:activity-ktx:1.5.1 > androidx.activity:activity:1.5.1
build	Build with Gradle	2025-12-27T17:38:44.8036901Z          project :app > androidx.preference:preference:1.2.1 > androidx.appcompat:appcompat:1.1.0 > androidx.fragment:fragment:1.3.6
build	Build with Gradle	2025-12-27T17:38:44.8038548Z          project :app > androidx.preference:preference:1.2.1 > androidx.slidingpanelayout:slidingpanelayout:1.2.0 > androidx.customview:customview:1.1.0
build	Build with Gradle	2025-12-27T17:38:44.8040286Z          project :app > androidx.preference:preference:1.2.1 > androidx.appcompat:appcompat:1.1.0 > androidx.appcompat:appcompat-resources:1.1.0 > androidx.vectordrawable:vectordrawable:1.1.0
build	Build with Gradle	2025-12-27T17:38:44.8041874Z          project :app > androidx.preference:preference:1.2.1 > androidx.core:core:1.8.0 > androidx.lifecycle:lifecycle-runtime:2.5.1
build	Build with Gradle	2025-12-27T17:38:44.8043360Z          project :app > androidx.preference:preference:1.2.1 > androidx.activity:activity-ktx:1.5.1 > androidx.activity:activity:1.5.1 > androidx.lifecycle:lifecycle-viewmodel:2.5.1
build	Build with Gradle	2025-12-27T17:38:44.8045049Z          project :app > androidx.preference:preference:1.2.1 > androidx.activity:activity-ktx:1.5.1 > androidx.activity:activity:1.5.1 > androidx.savedstate:savedstate:1.2.0
build	Build with Gradle	2025-12-27T17:38:44.8046806Z          project :app > androidx.preference:preference:1.2.1 > androidx.appcompat:appcompat:1.1.0 > androidx.collection:collection:1.1.0
build	Build with Gradle	2025-12-27T17:38:44.8048311Z          project :app > androidx.preference:preference:1.2.1 > androidx.core:core:1.8.0 > androidx.lifecycle:lifecycle-runtime:2.5.1 > androidx.arch.core:core-common:2.1.0
build	Build with Gradle	2025-12-27T17:38:44.8049985Z          project :app > androidx.preference:preference:1.2.1 > androidx.core:core:1.8.0 > androidx.lifecycle:lifecycle-runtime:2.5.1 > androidx.lifecycle:lifecycle-common:2.5.1
build	Build with Gradle	2025-12-27T17:38:44.8051476Z          project :app > androidx.preference:preference:1.2.1 > androidx.activity:activity-ktx:1.5.1 > androidx.core:core-ktx:1.2.0
build	Build with Gradle	2025-12-27T17:38:44.8052640Z       > Cannot find a version of 'androidx.annotation:annotation' that satisfies the version constraints:
build	Build with Gradle	2025-12-27T17:38:44.8053648Z            Dependency path 'ftpbd:app:unspecified' --> 'androidx.annotation:annotation:1.7.1'
build	Build with Gradle	2025-12-27T17:38:44.8055046Z            Constraint path 'ftpbd:app:unspecified' --> 'androidx.annotation:annotation:{strictly 1.1.0}' because of the following reason: releaseRuntimeClasspath uses version 1.1.0
build	Build with Gradle	2025-12-27T17:38:44.8058460Z            Dependency path 'ftpbd:app:unspecified' --> 'androidx.preference:preference:1.2.1' (releaseVariantReleaseApiPublication) --> 'androidx.annotation:annotation:1.2.0'
build	Build with Gradle	2025-12-27T17:38:44.8060142Z            Dependency path 'ftpbd:app:unspecified' --> 'app.cash.quickjs:quickjs-android:0.9.2' (releaseApiPublication) --> 'androidx.annotation:annotation:1.1.0'
build	Build with Gradle	2025-12-27T17:38:44.8062087Z            Dependency path 'ftpbd:app:unspecified' --> 'androidx.preference:preference:1.2.1' (releaseVariantReleaseApiPublication) --> 'androidx.appcompat:appcompat:1.1.0' (compile) --> 'androidx.annotation:annotation:1.1.0'
build	Build with Gradle	2025-12-27T17:38:44.8064585Z            Dependency path 'ftpbd:app:unspecified' --> 'androidx.preference:preference:1.2.1' (releaseVariantReleaseApiPublication) --> 'androidx.recyclerview:recyclerview:1.0.0' (compile) --> 'androidx.annotation:annotation:1.0.0'
build	Build with Gradle	2025-12-27T17:38:44.8067337Z            Dependency path 'ftpbd:app:unspecified' --> 'androidx.preference:preference:1.2.1' (releaseVariantReleaseApiPublication) --> 'androidx.slidingpanelayout:slidingpanelayout:1.2.0' (releaseVariantReleaseApiPublication) --> 'androidx.annotation:annotation:1.1.0'
build	Build with Gradle	2025-12-27T17:38:44.8070258Z            Dependency path 'ftpbd:app:unspecified' --> 'androidx.preference:preference:1.2.1' (releaseVariantReleaseApiPublication) --> 'androidx.appcompat:appcompat:1.1.0' (compile) --> 'androidx.cursoradapter:cursoradapter:1.0.0' (compile) --> 'androidx.annotation:annotation:1.0.0'
build	Build with Gradle	2025-12-27T17:38:44.8073117Z            Dependency path 'ftpbd:app:unspecified' --> 'androidx.preference:preference:1.2.1' (releaseVariantReleaseApiPublication) --> 'androidx.appcompat:appcompat:1.1.0' (compile) --> 'androidx.appcompat:appcompat-resources:1.1.0' (compile) --> 'androidx.annotation:annotation:1.1.0'
build	Build with Gradle	2025-12-27T17:38:44.8076178Z            Dependency path 'ftpbd:app:unspecified' --> 'androidx.preference:preference:1.2.1' (releaseVariantReleaseApiPublication) --> 'androidx.appcompat:appcompat:1.1.0' (compile) --> 'androidx.drawerlayout:drawerlayout:1.0.0' (compile) --> 'androidx.annotation:annotation:1.0.0'
build	Build with Gradle	2025-12-27T17:38:44.8079599Z            Dependency path 'ftpbd:app:unspecified' --> 'androidx.preference:preference:1.2.1' (releaseVariantReleaseApiPublication) --> 'androidx.activity:activity-ktx:1.5.1' (releaseVariantReleaseApiPublication) --> 'androidx.activity:activity:1.5.1' (releaseVariantReleaseApiPublication) --> 'androidx.annotation:annotation:1.1.0'
build	Build with Gradle	2025-12-27T17:38:44.8083271Z            Dependency path 'ftpbd:app:unspecified' --> 'androidx.preference:preference:1.2.1' (releaseVariantReleaseApiPublication) --> 'androidx.activity:activity-ktx:1.5.1' (releaseVariantReleaseApiPublication) --> 'androidx.lifecycle:lifecycle-runtime-ktx:2.5.1' (releaseVariantReleaseApiPublication) --> 'androidx.annotation:annotation:1.0.0'
build	Build with Gradle	2025-12-27T17:38:44.8087113Z            Dependency path 'ftpbd:app:unspecified' --> 'androidx.preference:preference:1.2.1' (releaseVariantReleaseApiPublication) --> 'androidx.appcompat:appcompat:1.1.0' (compile) --> 'androidx.fragment:fragment:1.3.6' (releaseApiPublication) --> 'androidx.annotation:annotation:1.1.0'
build	Build with Gradle	2025-12-27T17:38:44.8090082Z            Dependency path 'ftpbd:app:unspecified' --> 'androidx.preference:preference:1.2.1' (releaseVariantReleaseApiPublication) --> 'androidx.recyclerview:recyclerview:1.0.0' (compile) --> 'androidx.legacy:legacy-support-core-ui:1.0.0' (compile) --> 'androidx.annotation:annotation:1.0.0'
build	Build with Gradle	2025-12-27T17:38:44.8093224Z            Dependency path 'ftpbd:app:unspecified' --> 'androidx.preference:preference:1.2.1' (releaseVariantReleaseApiPublication) --> 'androidx.slidingpanelayout:slidingpanelayout:1.2.0' (releaseVariantReleaseApiPublication) --> 'androidx.customview:customview:1.1.0' (compile) --> 'androidx.annotation:annotation:1.1.0'
build	Build with Gradle	2025-12-27T17:38:44.8096786Z            Dependency path 'ftpbd:app:unspecified' --> 'androidx.preference:preference:1.2.1' (releaseVariantReleaseApiPublication) --> 'androidx.appcompat:appcompat:1.1.0' (compile) --> 'androidx.appcompat:appcompat-resources:1.1.0' (compile) --> 'androidx.vectordrawable:vectordrawable:1.1.0' (compile) --> 'androidx.annotation:annotation:1.1.0'
build	Build with Gradle	2025-12-27T17:38:44.8099996Z            Dependency path 'ftpbd:app:unspecified' --> 'androidx.preference:preference:1.2.1' (releaseVariantReleaseApiPublication) --> 'androidx.core:core:1.8.0' (releaseVariantReleaseApiPublication) --> 'androidx.annotation:annotation:1.2.0'
build	Build with Gradle	2025-12-27T17:38:44.8103494Z            Dependency path 'ftpbd:app:unspecified' --> 'androidx.preference:preference:1.2.1' (releaseVariantReleaseApiPublication) --> 'androidx.activity:activity-ktx:1.5.1' (releaseVariantReleaseApiPublication) --> 'androidx.activity:activity:1.5.1' (releaseVariantReleaseApiPublication) --> 'androidx.lifecycle:lifecycle-runtime:2.5.1' (releaseVariantReleaseApiPublication) --> 'androidx.annotation:annotation:1.1.0'
build	Build with Gradle	2025-12-27T17:38:44.8138582Z            Dependency path 'ftpbd:app:unspecified' --> 'androidx.preference:preference:1.2.1' (releaseVariantReleaseApiPublication) --> 'androidx.activity:activity-ktx:1.5.1' (releaseVariantReleaseApiPublication) --> 'androidx.activity:activity:1.5.1' (releaseVariantReleaseApiPublication) --> 'androidx.lifecycle:lifecycle-viewmodel:2.5.1' (releaseVariantReleaseApiPublication) --> 'androidx.annotation:annotation:1.1.0'
build	Build with Gradle	2025-12-27T17:38:44.8143323Z            Dependency path 'ftpbd:app:unspecified' --> 'androidx.preference:preference:1.2.1' (releaseVariantReleaseApiPublication) --> 'androidx.activity:activity-ktx:1.5.1' (releaseVariantReleaseApiPublication) --> 'androidx.activity:activity:1.5.1' (releaseVariantReleaseApiPublication) --> 'androidx.lifecycle:lifecycle-viewmodel-savedstate:2.5.1' (releaseVariantReleaseApiPublication) --> 'androidx.annotation:annotation:1.0.0'
build	Build with Gradle	2025-12-27T17:38:44.8148086Z            Dependency path 'ftpbd:app:unspecified' --> 'androidx.preference:preference:1.2.1' (releaseVariantReleaseApiPublication) --> 'androidx.activity:activity-ktx:1.5.1' (releaseVariantReleaseApiPublication) --> 'androidx.activity:activity:1.5.1' (releaseVariantReleaseApiPublication) --> 'androidx.savedstate:savedstate:1.2.0' (releaseVariantReleaseApiPublication) --> 'androidx.annotation:annotation:1.1.0'
build	Build with Gradle	2025-12-27T17:38:44.8151995Z            Dependency path 'ftpbd:app:unspecified' --> 'androidx.preference:preference:1.2.1' (releaseVariantReleaseApiPublication) --> 'androidx.appcompat:appcompat:1.1.0' (compile) --> 'androidx.collection:collection:1.1.0' (compile) --> 'androidx.annotation:annotation:1.1.0'
build	Build with Gradle	2025-12-27T17:38:44.8155100Z            Dependency path 'ftpbd:app:unspecified' --> 'androidx.preference:preference:1.2.1' (releaseVariantReleaseApiPublication) --> 'androidx.appcompat:appcompat:1.1.0' (compile) --> 'androidx.fragment:fragment:1.3.6' (releaseApiPublication) --> 'androidx.viewpager:viewpager:1.0.0' (compile) --> 'androidx.annotation:annotation:1.0.0'
build	Build with Gradle	2025-12-27T17:38:44.8158683Z            Dependency path 'ftpbd:app:unspecified' --> 'androidx.preference:preference:1.2.1' (releaseVariantReleaseApiPublication) --> 'androidx.appcompat:appcompat:1.1.0' (compile) --> 'androidx.fragment:fragment:1.3.6' (releaseApiPublication) --> 'androidx.loader:loader:1.0.0' (compile) --> 'androidx.annotation:annotation:1.0.0'
build	Build with Gradle	2025-12-27T17:38:44.8162242Z            Dependency path 'ftpbd:app:unspecified' --> 'androidx.preference:preference:1.2.1' (releaseVariantReleaseApiPublication) --> 'androidx.recyclerview:recyclerview:1.0.0' (compile) --> 'androidx.legacy:legacy-support-core-ui:1.0.0' (compile) --> 'androidx.legacy:legacy-support-core-utils:1.0.0' (compile) --> 'androidx.annotation:annotation:1.0.0'
build	Build with Gradle	2025-12-27T17:38:44.8166042Z            Dependency path 'ftpbd:app:unspecified' --> 'androidx.preference:preference:1.2.1' (releaseVariantReleaseApiPublication) --> 'androidx.recyclerview:recyclerview:1.0.0' (compile) --> 'androidx.legacy:legacy-support-core-ui:1.0.0' (compile) --> 'androidx.coordinatorlayout:coordinatorlayout:1.0.0' (compile) --> 'androidx.annotation:annotation:1.0.0'
build	Build with Gradle	2025-12-27T17:38:44.8169648Z            Dependency path 'ftpbd:app:unspecified' --> 'androidx.preference:preference:1.2.1' (releaseVariantReleaseApiPublication) --> 'androidx.recyclerview:recyclerview:1.0.0' (compile) --> 'androidx.legacy:legacy-support-core-ui:1.0.0' (compile) --> 'androidx.interpolator:interpolator:1.0.0' (compile) --> 'androidx.annotation:annotation:1.0.0'
build	Build with Gradle	2025-12-27T17:38:44.8173243Z            Dependency path 'ftpbd:app:unspecified' --> 'androidx.preference:preference:1.2.1' (releaseVariantReleaseApiPublication) --> 'androidx.recyclerview:recyclerview:1.0.0' (compile) --> 'androidx.legacy:legacy-support-core-ui:1.0.0' (compile) --> 'androidx.swiperefreshlayout:swiperefreshlayout:1.0.0' (compile) --> 'androidx.annotation:annotation:1.0.0'
build	Build with Gradle	2025-12-27T17:38:44.8177336Z            Dependency path 'ftpbd:app:unspecified' --> 'androidx.preference:preference:1.2.1' (releaseVariantReleaseApiPublication) --> 'androidx.recyclerview:recyclerview:1.0.0' (compile) --> 'androidx.legacy:legacy-support-core-ui:1.0.0' (compile) --> 'androidx.asynclayoutinflater:asynclayoutinflater:1.0.0' (compile) --> 'androidx.annotation:annotation:1.0.0'
build	Build with Gradle	2025-12-27T17:38:44.8180869Z            Dependency path 'ftpbd:app:unspecified' --> 'androidx.preference:preference:1.2.1' (releaseVariantReleaseApiPublication) --> 'androidx.core:core:1.8.0' (releaseVariantReleaseApiPublication) --> 'androidx.versionedparcelable:versionedparcelable:1.1.1' (compile) --> 'androidx.annotation:annotation:1.1.0'
build	Build with Gradle	2025-12-27T17:38:44.8185045Z            Dependency path 'ftpbd:app:unspecified' --> 'androidx.preference:preference:1.2.1' (releaseVariantReleaseApiPublication) --> 'androidx.activity:activity-ktx:1.5.1' (releaseVariantReleaseApiPublication) --> 'androidx.activity:activity:1.5.1' (releaseVariantReleaseApiPublication) --> 'androidx.lifecycle:lifecycle-runtime:2.5.1' (releaseVariantReleaseApiPublication) --> 'androidx.arch.core:core-common:2.1.0' (compile) --> 'androidx.annotation:annotation:1.1.0'
build	Build with Gradle	2025-12-27T17:38:44.8201828Z            Dependency path 'ftpbd:app:unspecified' --> 'androidx.preference:preference:1.2.1' (releaseVariantReleaseApiPublication) --> 'androidx.activity:activity-ktx:1.5.1' (releaseVariantReleaseApiPublication) --> 'androidx.activity:activity:1.5.1' (releaseVariantReleaseApiPublication) --> 'androidx.lifecycle:lifecycle-runtime:2.5.1' (releaseVariantReleaseApiPublication) --> 'androidx.lifecycle:lifecycle-common:2.5.1' (apiElements) --> 'androidx.annotation:annotation:1.1.0'
build	Build with Gradle	2025-12-27T17:38:44.8206160Z            Dependency path 'ftpbd:app:unspecified' --> 'androidx.preference:preference:1.2.1' (releaseVariantReleaseApiPublication) --> 'androidx.activity:activity-ktx:1.5.1' (releaseVariantReleaseApiPublication) --> 'androidx.core:core-ktx:1.2.0' (compile) --> 'androidx.annotation:annotation:1.1.0'
build	Build with Gradle	2025-12-27T17:38:44.8209823Z            Dependency path 'ftpbd:app:unspecified' --> 'androidx.preference:preference:1.2.1' (releaseVariantReleaseApiPublication) --> 'androidx.recyclerview:recyclerview:1.0.0' (compile) --> 'androidx.legacy:legacy-support-core-ui:1.0.0' (compile) --> 'androidx.legacy:legacy-support-core-utils:1.0.0' (compile) --> 'androidx.documentfile:documentfile:1.0.0' (compile) --> 'androidx.annotation:annotation:1.0.0'
build	Build with Gradle	2025-12-27T17:38:44.8214142Z            Dependency path 'ftpbd:app:unspecified' --> 'androidx.preference:preference:1.2.1' (releaseVariantReleaseApiPublication) --> 'androidx.recyclerview:recyclerview:1.0.0' (compile) --> 'androidx.legacy:legacy-support-core-ui:1.0.0' (compile) --> 'androidx.legacy:legacy-support-core-utils:1.0.0' (compile) --> 'androidx.localbroadcastmanager:localbroadcastmanager:1.0.0' (compile) --> 'androidx.annotation:annotation:1.0.0'
build	Build with Gradle	2025-12-27T17:38:44.8218560Z            Dependency path 'ftpbd:app:unspecified' --> 'androidx.preference:preference:1.2.1' (releaseVariantReleaseApiPublication) --> 'androidx.recyclerview:recyclerview:1.0.0' (compile) --> 'androidx.legacy:legacy-support-core-ui:1.0.0' (compile) --> 'androidx.legacy:legacy-support-core-utils:1.0.0' (compile) --> 'androidx.print:print:1.0.0' (compile) --> 'androidx.annotation:annotation:1.0.0'
build	Build with Gradle	2025-12-27T17:38:44.8222612Z            Dependency path 'ftpbd:app:unspecified' --> 'androidx.preference:preference:1.2.1' (releaseVariantReleaseApiPublication) --> 'androidx.appcompat:appcompat:1.1.0' (compile) --> 'androidx.fragment:fragment:1.3.6' (releaseApiPublication) --> 'androidx.loader:loader:1.0.0' (compile) --> 'androidx.lifecycle:lifecycle-livedata:2.0.0' (compile) --> 'androidx.arch.core:core-runtime:2.0.0' (compile) --> 'androidx.annotation:annotation:1.0.0'
build	Build with Gradle	2025-12-27T17:38:44.8225309Z 
build	Build with Gradle	2025-12-27T17:38:44.8225612Z    > Could not resolve org.jetbrains.kotlin:kotlin-stdlib-jdk8:1.8.0.
build	Build with Gradle	2025-12-27T17:38:44.8226153Z      Required by:
build	Build with Gradle	2025-12-27T17:38:44.8226584Z          project :app > org.jetbrains.kotlin:kotlin-stdlib:2.0.0
build	Build with Gradle	2025-12-27T17:38:44.8229154Z       > Cannot find a version of 'org.jetbrains.kotlin:kotlin-stdlib-jdk8' that satisfies the version constraints:
build	Build with Gradle	2025-12-27T17:38:44.8230351Z            Dependency path 'ftpbd:app:unspecified' --> 'org.jetbrains.kotlin:kotlin-stdlib-jdk8:2.0.0'
build	Build with Gradle	2025-12-27T17:38:44.8231830Z            Constraint path 'ftpbd:app:unspecified' --> 'org.jetbrains.kotlin:kotlin-stdlib-jdk8:{strictly 1.8.0}' because of the following reason: releaseRuntimeClasspath uses version 1.8.0
build	Build with Gradle	2025-12-27T17:38:44.8233896Z            Constraint path 'ftpbd:app:unspecified' --> 'org.jetbrains.kotlin:kotlin-stdlib-jdk8:2.0.0' (compile) --> 'org.jetbrains.kotlin:kotlin-stdlib:2.0.0' (jvmApiElements) --> 'org.jetbrains.kotlin:kotlin-stdlib-jdk8:1.8.0'
build	Build with Gradle	2025-12-27T17:38:44.8236437Z            Dependency path 'ftpbd:app:unspecified' --> 'dev.datlag.jsunpacker:jsunpacker:1.0.1' (jvmApiElements-published) --> 'dev.datlag.jsunpacker:jsunpacker-jvm:1.0.1' (jvmApiElements-published) --> 'org.jetbrains.kotlin:kotlin-stdlib-jdk8:1.7.0'
build	Build with Gradle	2025-12-27T17:38:44.8237869Z 
build	Build with Gradle	2025-12-27T17:38:44.8238147Z    > Could not resolve androidx.annotation:annotation:1.0.0.
build	Build with Gradle	2025-12-27T17:38:44.8238889Z      Required by:
build	Build with Gradle	2025-12-27T17:38:44.8239528Z          project :app > androidx.preference:preference:1.2.1 > androidx.recyclerview:recyclerview:1.0.0
build	Build with Gradle	2025-12-27T17:38:44.8240758Z          project :app > androidx.preference:preference:1.2.1 > androidx.appcompat:appcompat:1.1.0 > androidx.cursoradapter:cursoradapter:1.0.0
build	Build with Gradle	2025-12-27T17:38:44.8242143Z          project :app > androidx.preference:preference:1.2.1 > androidx.appcompat:appcompat:1.1.0 > androidx.drawerlayout:drawerlayout:1.0.0
build	Build with Gradle	2025-12-27T17:38:44.8243533Z          project :app > androidx.preference:preference:1.2.1 > androidx.activity:activity-ktx:1.5.1 > androidx.lifecycle:lifecycle-runtime-ktx:2.5.1
build	Build with Gradle	2025-12-27T17:38:44.8244970Z          project :app > androidx.preference:preference:1.2.1 > androidx.recyclerview:recyclerview:1.0.0 > androidx.legacy:legacy-support-core-ui:1.0.0
build	Build with Gradle	2025-12-27T17:38:44.8246862Z          project :app > androidx.preference:preference:1.2.1 > androidx.activity:activity-ktx:1.5.1 > androidx.activity:activity:1.5.1 > androidx.lifecycle:lifecycle-viewmodel-savedstate:2.5.1
build	Build with Gradle	2025-12-27T17:38:44.8248596Z          project :app > androidx.preference:preference:1.2.1 > androidx.appcompat:appcompat:1.1.0 > androidx.fragment:fragment:1.3.6 > androidx.viewpager:viewpager:1.0.0
build	Build with Gradle	2025-12-27T17:38:44.8250178Z          project :app > androidx.preference:preference:1.2.1 > androidx.appcompat:appcompat:1.1.0 > androidx.fragment:fragment:1.3.6 > androidx.loader:loader:1.0.0
build	Build with Gradle	2025-12-27T17:38:44.8251982Z          project :app > androidx.preference:preference:1.2.1 > androidx.recyclerview:recyclerview:1.0.0 > androidx.legacy:legacy-support-core-ui:1.0.0 > androidx.legacy:legacy-support-core-utils:1.0.0
build	Build with Gradle	2025-12-27T17:38:44.8254006Z          project :app > androidx.preference:preference:1.2.1 > androidx.recyclerview:recyclerview:1.0.0 > androidx.legacy:legacy-support-core-ui:1.0.0 > androidx.coordinatorlayout:coordinatorlayout:1.0.0
build	Build with Gradle	2025-12-27T17:38:44.8256122Z          project :app > androidx.preference:preference:1.2.1 > androidx.recyclerview:recyclerview:1.0.0 > androidx.legacy:legacy-support-core-ui:1.0.0 > androidx.interpolator:interpolator:1.0.0
build	Build with Gradle	2025-12-27T17:38:44.8258130Z          project :app > androidx.preference:preference:1.2.1 > androidx.recyclerview:recyclerview:1.0.0 > androidx.legacy:legacy-support-core-ui:1.0.0 > androidx.swiperefreshlayout:swiperefreshlayout:1.0.0
build	Build with Gradle	2025-12-27T17:38:44.8260203Z          project :app > androidx.preference:preference:1.2.1 > androidx.recyclerview:recyclerview:1.0.0 > androidx.legacy:legacy-support-core-ui:1.0.0 > androidx.asynclayoutinflater:asynclayoutinflater:1.0.0
build	Build with Gradle	2025-12-27T17:38:44.8262493Z          project :app > androidx.preference:preference:1.2.1 > androidx.recyclerview:recyclerview:1.0.0 > androidx.legacy:legacy-support-core-ui:1.0.0 > androidx.legacy:legacy-support-core-utils:1.0.0 > androidx.documentfile:documentfile:1.0.0
build	Build with Gradle	2025-12-27T17:38:44.8265375Z          project :app > androidx.preference:preference:1.2.1 > androidx.recyclerview:recyclerview:1.0.0 > androidx.legacy:legacy-support-core-ui:1.0.0 > androidx.legacy:legacy-support-core-utils:1.0.0 > androidx.localbroadcastmanager:localbroadcastmanager:1.0.0
build	Build with Gradle	2025-12-27T17:38:44.8267927Z          project :app > androidx.preference:preference:1.2.1 > androidx.recyclerview:recyclerview:1.0.0 > androidx.legacy:legacy-support-core-ui:1.0.0 > androidx.legacy:legacy-support-core-utils:1.0.0 > androidx.print:print:1.0.0
build	Build with Gradle	2025-12-27T17:38:44.8280868Z          project :app > androidx.preference:preference:1.2.1 > androidx.appcompat:appcompat:1.1.0 > androidx.fragment:fragment:1.3.6 > androidx.loader:loader:1.0.0 > androidx.lifecycle:lifecycle-livedata:2.0.0 > androidx.arch.core:core-runtime:2.0.0
build	Build with Gradle	2025-12-27T17:38:44.8282684Z       > Cannot find a version of 'androidx.annotation:annotation' that satisfies the version constraints:
build	Build with Gradle	2025-12-27T17:38:44.8283642Z            Dependency path 'ftpbd:app:unspecified' --> 'androidx.annotation:annotation:1.7.1'
build	Build with Gradle	2025-12-27T17:38:44.8284933Z            Constraint path 'ftpbd:app:unspecified' --> 'androidx.annotation:annotation:{strictly 1.1.0}' because of the following reason: releaseRuntimeClasspath uses version 1.1.0
build	Build with Gradle	2025-12-27T17:38:44.8287223Z            Dependency path 'ftpbd:app:unspecified' --> 'androidx.preference:preference:1.2.1' (releaseVariantReleaseApiPublication) --> 'androidx.annotation:annotation:1.2.0'
build	Build with Gradle	2025-12-27T17:38:44.8288922Z            Dependency path 'ftpbd:app:unspecified' --> 'app.cash.quickjs:quickjs-android:0.9.2' (releaseApiPublication) --> 'androidx.annotation:annotation:1.1.0'
build	Build with Gradle	2025-12-27T17:38:44.8290876Z            Dependency path 'ftpbd:app:unspecified' --> 'androidx.preference:preference:1.2.1' (releaseVariantReleaseApiPublication) --> 'androidx.appcompat:appcompat:1.1.0' (compile) --> 'androidx.annotation:annotation:1.1.0'
build	Build with Gradle	2025-12-27T17:38:44.8293211Z            Dependency path 'ftpbd:app:unspecified' --> 'androidx.preference:preference:1.2.1' (releaseVariantReleaseApiPublication) --> 'androidx.recyclerview:recyclerview:1.0.0' (compile) --> 'androidx.annotation:annotation:1.0.0'
build	Build with Gradle	2025-12-27T17:38:44.8296034Z            Dependency path 'ftpbd:app:unspecified' --> 'androidx.preference:preference:1.2.1' (releaseVariantReleaseApiPublication) --> 'androidx.slidingpanelayout:slidingpanelayout:1.2.0' (releaseVariantReleaseApiPublication) --> 'androidx.annotation:annotation:1.1.0'
build	Build with Gradle	2025-12-27T17:38:44.8298955Z            Dependency path 'ftpbd:app:unspecified' --> 'androidx.preference:preference:1.2.1' (releaseVariantReleaseApiPublication) --> 'androidx.appcompat:appcompat:1.1.0' (compile) --> 'androidx.cursoradapter:cursoradapter:1.0.0' (compile) --> 'androidx.annotation:annotation:1.0.0'
build	Build with Gradle	2025-12-27T17:38:44.8301825Z            Dependency path 'ftpbd:app:unspecified' --> 'androidx.preference:preference:1.2.1' (releaseVariantReleaseApiPublication) --> 'androidx.appcompat:appcompat:1.1.0' (compile) --> 'androidx.appcompat:appcompat-resources:1.1.0' (compile) --> 'androidx.annotation:annotation:1.1.0'
build	Build with Gradle	2025-12-27T17:38:44.8304706Z            Dependency path 'ftpbd:app:unspecified' --> 'androidx.preference:preference:1.2.1' (releaseVariantReleaseApiPublication) --> 'androidx.appcompat:appcompat:1.1.0' (compile) --> 'androidx.drawerlayout:drawerlayout:1.0.0' (compile) --> 'androidx.annotation:annotation:1.0.0'
build	Build with Gradle	2025-12-27T17:38:44.8308025Z            Dependency path 'ftpbd:app:unspecified' --> 'androidx.preference:preference:1.2.1' (releaseVariantReleaseApiPublication) --> 'androidx.activity:activity-ktx:1.5.1' (releaseVariantReleaseApiPublication) --> 'androidx.activity:activity:1.5.1' (releaseVariantReleaseApiPublication) --> 'androidx.annotation:annotation:1.1.0'
build	Build with Gradle	2025-12-27T17:38:44.8311467Z            Dependency path 'ftpbd:app:unspecified' --> 'androidx.preference:preference:1.2.1' (releaseVariantReleaseApiPublication) --> 'androidx.activity:activity-ktx:1.5.1' (releaseVariantReleaseApiPublication) --> 'androidx.lifecycle:lifecycle-runtime-ktx:2.5.1' (releaseVariantReleaseApiPublication) --> 'androidx.annotation:annotation:1.0.0'
build	Build with Gradle	2025-12-27T17:38:44.8314894Z            Dependency path 'ftpbd:app:unspecified' --> 'androidx.preference:preference:1.2.1' (releaseVariantReleaseApiPublication) --> 'androidx.appcompat:appcompat:1.1.0' (compile) --> 'androidx.fragment:fragment:1.3.6' (releaseApiPublication) --> 'androidx.annotation:annotation:1.1.0'
build	Build with Gradle	2025-12-27T17:38:44.8318028Z            Dependency path 'ftpbd:app:unspecified' --> 'androidx.preference:preference:1.2.1' (releaseVariantReleaseApiPublication) --> 'androidx.recyclerview:recyclerview:1.0.0' (compile) --> 'androidx.legacy:legacy-support-core-ui:1.0.0' (compile) --> 'androidx.annotation:annotation:1.0.0'
build	Build with Gradle	2025-12-27T17:38:44.8321327Z            Dependency path 'ftpbd:app:unspecified' --> 'androidx.preference:preference:1.2.1' (releaseVariantReleaseApiPublication) --> 'androidx.slidingpanelayout:slidingpanelayout:1.2.0' (releaseVariantReleaseApiPublication) --> 'androidx.customview:customview:1.1.0' (compile) --> 'androidx.annotation:annotation:1.1.0'
build	Build with Gradle	2025-12-27T17:38:44.8324853Z            Dependency path 'ftpbd:app:unspecified' --> 'androidx.preference:preference:1.2.1' (releaseVariantReleaseApiPublication) --> 'androidx.appcompat:appcompat:1.1.0' (compile) --> 'androidx.appcompat:appcompat-resources:1.1.0' (compile) --> 'androidx.vectordrawable:vectordrawable:1.1.0' (compile) --> 'androidx.annotation:annotation:1.1.0'
build	Build with Gradle	2025-12-27T17:38:44.8328396Z            Dependency path 'ftpbd:app:unspecified' --> 'androidx.preference:preference:1.2.1' (releaseVariantReleaseApiPublication) --> 'androidx.core:core:1.8.0' (releaseVariantReleaseApiPublication) --> 'androidx.annotation:annotation:1.2.0'
build	Build with Gradle	2025-12-27T17:38:44.8331887Z            Dependency path 'ftpbd:app:unspecified' --> 'androidx.preference:preference:1.2.1' (releaseVariantReleaseApiPublication) --> 'androidx.activity:activity-ktx:1.5.1' (releaseVariantReleaseApiPublication) --> 'androidx.activity:activity:1.5.1' (releaseVariantReleaseApiPublication) --> 'androidx.lifecycle:lifecycle-runtime:2.5.1' (releaseVariantReleaseApiPublication) --> 'androidx.annotation:annotation:1.1.0'
build	Build with Gradle	2025-12-27T17:38:44.8336562Z            Dependency path 'ftpbd:app:unspecified' --> 'androidx.preference:preference:1.2.1' (releaseVariantReleaseApiPublication) --> 'androidx.activity:activity-ktx:1.5.1' (releaseVariantReleaseApiPublication) --> 'androidx.activity:activity:1.5.1' (releaseVariantReleaseApiPublication) --> 'androidx.lifecycle:lifecycle-viewmodel:2.5.1' (releaseVariantReleaseApiPublication) --> 'androidx.annotation:annotation:1.1.0'
build	Build with Gradle	2025-12-27T17:38:44.8341231Z            Dependency path 'ftpbd:app:unspecified' --> 'androidx.preference:preference:1.2.1' (releaseVariantReleaseApiPublication) --> 'androidx.activity:activity-ktx:1.5.1' (releaseVariantReleaseApiPublication) --> 'androidx.activity:activity:1.5.1' (releaseVariantReleaseApiPublication) --> 'androidx.lifecycle:lifecycle-viewmodel-savedstate:2.5.1' (releaseVariantReleaseApiPublication) --> 'androidx.annotation:annotation:1.0.0'
build	Build with Gradle	2025-12-27T17:38:44.8345965Z            Dependency path 'ftpbd:app:unspecified' --> 'androidx.preference:preference:1.2.1' (releaseVariantReleaseApiPublication) --> 'androidx.activity:activity-ktx:1.5.1' (releaseVariantReleaseApiPublication) --> 'androidx.activity:activity:1.5.1' (releaseVariantReleaseApiPublication) --> 'androidx.savedstate:savedstate:1.2.0' (releaseVariantReleaseApiPublication) --> 'androidx.annotation:annotation:1.1.0'
build	Build with Gradle	2025-12-27T17:38:44.8349605Z            Dependency path 'ftpbd:app:unspecified' --> 'androidx.preference:preference:1.2.1' (releaseVariantReleaseApiPublication) --> 'androidx.appcompat:appcompat:1.1.0' (compile) --> 'androidx.collection:collection:1.1.0' (compile) --> 'androidx.annotation:annotation:1.1.0'
build	Build with Gradle	2025-12-27T17:38:44.8352967Z            Dependency path 'ftpbd:app:unspecified' --> 'androidx.preference:preference:1.2.1' (releaseVariantReleaseApiPublication) --> 'androidx.appcompat:appcompat:1.1.0' (compile) --> 'androidx.fragment:fragment:1.3.6' (releaseApiPublication) --> 'androidx.viewpager:viewpager:1.0.0' (compile) --> 'androidx.annotation:annotation:1.0.0'
build	Build with Gradle	2025-12-27T17:38:44.8356501Z            Dependency path 'ftpbd:app:unspecified' --> 'androidx.preference:preference:1.2.1' (releaseVariantReleaseApiPublication) --> 'androidx.appcompat:appcompat:1.1.0' (compile) --> 'androidx.fragment:fragment:1.3.6' (releaseApiPublication) --> 'androidx.loader:loader:1.0.0' (compile) --> 'androidx.annotation:annotation:1.0.0'
build	Build with Gradle	2025-12-27T17:38:44.8360001Z            Dependency path 'ftpbd:app:unspecified' --> 'androidx.preference:preference:1.2.1' (releaseVariantReleaseApiPublication) --> 'androidx.recyclerview:recyclerview:1.0.0' (compile) --> 'androidx.legacy:legacy-support-core-ui:1.0.0' (compile) --> 'androidx.legacy:legacy-support-core-utils:1.0.0' (compile) --> 'androidx.annotation:annotation:1.0.0'
build	Build with Gradle	2025-12-27T17:38:44.8363649Z            Dependency path 'ftpbd:app:unspecified' --> 'androidx.preference:preference:1.2.1' (releaseVariantReleaseApiPublication) --> 'androidx.recyclerview:recyclerview:1.0.0' (compile) --> 'androidx.legacy:legacy-support-core-ui:1.0.0' (compile) --> 'androidx.coordinatorlayout:coordinatorlayout:1.0.0' (compile) --> 'androidx.annotation:annotation:1.0.0'
build	Build with Gradle	2025-12-27T17:38:44.8367742Z            Dependency path 'ftpbd:app:unspecified' --> 'androidx.preference:preference:1.2.1' (releaseVariantReleaseApiPublication) --> 'androidx.recyclerview:recyclerview:1.0.0' (compile) --> 'androidx.legacy:legacy-support-core-ui:1.0.0' (compile) --> 'androidx.interpolator:interpolator:1.0.0' (compile) --> 'androidx.annotation:annotation:1.0.0'
build	Build with Gradle	2025-12-27T17:38:44.8371381Z            Dependency path 'ftpbd:app:unspecified' --> 'androidx.preference:preference:1.2.1' (releaseVariantReleaseApiPublication) --> 'androidx.recyclerview:recyclerview:1.0.0' (compile) --> 'androidx.legacy:legacy-support-core-ui:1.0.0' (compile) --> 'androidx.swiperefreshlayout:swiperefreshlayout:1.0.0' (compile) --> 'androidx.annotation:annotation:1.0.0'
build	Build with Gradle	2025-12-27T17:38:44.8375121Z            Dependency path 'ftpbd:app:unspecified' --> 'androidx.preference:preference:1.2.1' (releaseVariantReleaseApiPublication) --> 'androidx.recyclerview:recyclerview:1.0.0' (compile) --> 'androidx.legacy:legacy-support-core-ui:1.0.0' (compile) --> 'androidx.asynclayoutinflater:asynclayoutinflater:1.0.0' (compile) --> 'androidx.annotation:annotation:1.0.0'
build	Build with Gradle	2025-12-27T17:38:44.8378780Z            Dependency path 'ftpbd:app:unspecified' --> 'androidx.preference:preference:1.2.1' (releaseVariantReleaseApiPublication) --> 'androidx.core:core:1.8.0' (releaseVariantReleaseApiPublication) --> 'androidx.versionedparcelable:versionedparcelable:1.1.1' (compile) --> 'androidx.annotation:annotation:1.1.0'
build	Build with Gradle	2025-12-27T17:38:44.8383012Z            Dependency path 'ftpbd:app:unspecified' --> 'androidx.preference:preference:1.2.1' (releaseVariantReleaseApiPublication) --> 'androidx.activity:activity-ktx:1.5.1' (releaseVariantReleaseApiPublication) --> 'androidx.activity:activity:1.5.1' (releaseVariantReleaseApiPublication) --> 'androidx.lifecycle:lifecycle-runtime:2.5.1' (releaseVariantReleaseApiPublication) --> 'androidx.arch.core:core-common:2.1.0' (compile) --> 'androidx.annotation:annotation:1.1.0'
build	Build with Gradle	2025-12-27T17:38:44.8388330Z            Dependency path 'ftpbd:app:unspecified' --> 'androidx.preference:preference:1.2.1' (releaseVariantReleaseApiPublication) --> 'androidx.activity:activity-ktx:1.5.1' (releaseVariantReleaseApiPublication) --> 'androidx.activity:activity:1.5.1' (releaseVariantReleaseApiPublication) --> 'androidx.lifecycle:lifecycle-runtime:2.5.1' (releaseVariantReleaseApiPublication) --> 'androidx.lifecycle:lifecycle-common:2.5.1' (apiElements) --> 'androidx.annotation:annotation:1.1.0'
build	Build with Gradle	2025-12-27T17:38:44.8392506Z            Dependency path 'ftpbd:app:unspecified' --> 'androidx.preference:preference:1.2.1' (releaseVariantReleaseApiPublication) --> 'androidx.activity:activity-ktx:1.5.1' (releaseVariantReleaseApiPublication) --> 'androidx.core:core-ktx:1.2.0' (compile) --> 'androidx.annotation:annotation:1.1.0'
build	Build with Gradle	2025-12-27T17:38:44.8396653Z            Dependency path 'ftpbd:app:unspecified' --> 'androidx.preference:preference:1.2.1' (releaseVariantReleaseApiPublication) --> 'androidx.recyclerview:recyclerview:1.0.0' (compile) --> 'androidx.legacy:legacy-support-core-ui:1.0.0' (compile) --> 'androidx.legacy:legacy-support-core-utils:1.0.0' (compile) --> 'androidx.documentfile:documentfile:1.0.0' (compile) --> 'androidx.annotation:annotation:1.0.0'
build	Build with Gradle	2025-12-27T17:38:44.8400980Z            Dependency path 'ftpbd:app:unspecified' --> 'androidx.preference:preference:1.2.1' (releaseVariantReleaseApiPublication) --> 'androidx.recyclerview:recyclerview:1.0.0' (compile) --> 'androidx.legacy:legacy-support-core-ui:1.0.0' (compile) --> 'androidx.legacy:legacy-support-core-utils:1.0.0' (compile) --> 'androidx.localbroadcastmanager:localbroadcastmanager:1.0.0' (compile) --> 'androidx.annotation:annotation:1.0.0'
build	Build with Gradle	2025-12-27T17:38:44.8405329Z            Dependency path 'ftpbd:app:unspecified' --> 'androidx.preference:preference:1.2.1' (releaseVariantReleaseApiPublication) --> 'androidx.recyclerview:recyclerview:1.0.0' (compile) --> 'androidx.legacy:legacy-support-core-ui:1.0.0' (compile) --> 'androidx.legacy:legacy-support-core-utils:1.0.0' (compile) --> 'androidx.print:print:1.0.0' (compile) --> 'androidx.annotation:annotation:1.0.0'
build	Build with Gradle	2025-12-27T17:38:44.8409723Z            Dependency path 'ftpbd:app:unspecified' --> 'androidx.preference:preference:1.2.1' (releaseVariantReleaseApiPublication) --> 'androidx.appcompat:appcompat:1.1.0' (compile) --> 'androidx.fragment:fragment:1.3.6' (releaseApiPublication) --> 'androidx.loader:loader:1.0.0' (compile) --> 'androidx.lifecycle:lifecycle-livedata:2.0.0' (compile) --> 'androidx.arch.core:core-runtime:2.0.0' (compile) --> 'androidx.annotation:annotation:1.0.0'
build	Build with Gradle	2025-12-27T17:38:44.8412016Z 
build	Build with Gradle	2025-12-27T17:38:44.8412291Z    > Could not resolve org.jetbrains.kotlin:kotlin-stdlib-jdk8:1.7.0.
build	Build with Gradle	2025-12-27T17:38:44.8412820Z      Required by:
build	Build with Gradle	2025-12-27T17:38:44.8413234Z          project :app > dev.datlag.jsunpacker:jsunpacker-jvm:1.0.1
build	Build with Gradle	2025-12-27T17:38:44.8414082Z       > Cannot find a version of 'org.jetbrains.kotlin:kotlin-stdlib-jdk8' that satisfies the version constraints:
build	Build with Gradle	2025-12-27T17:38:44.8415094Z            Dependency path 'ftpbd:app:unspecified' --> 'org.jetbrains.kotlin:kotlin-stdlib-jdk8:2.0.0'
build	Build with Gradle	2025-12-27T17:38:44.8416617Z            Constraint path 'ftpbd:app:unspecified' --> 'org.jetbrains.kotlin:kotlin-stdlib-jdk8:{strictly 1.8.0}' because of the following reason: releaseRuntimeClasspath uses version 1.8.0
build	Build with Gradle	2025-12-27T17:38:44.8418690Z            Constraint path 'ftpbd:app:unspecified' --> 'org.jetbrains.kotlin:kotlin-stdlib-jdk8:2.0.0' (compile) --> 'org.jetbrains.kotlin:kotlin-stdlib:2.0.0' (jvmApiElements) --> 'org.jetbrains.kotlin:kotlin-stdlib-jdk8:1.8.0'
build	Build with Gradle	2025-12-27T17:38:44.8421051Z            Dependency path 'ftpbd:app:unspecified' --> 'dev.datlag.jsunpacker:jsunpacker:1.0.1' (jvmApiElements-published) --> 'dev.datlag.jsunpacker:jsunpacker-jvm:1.0.1' (jvmApiElements-published) --> 'org.jetbrains.kotlin:kotlin-stdlib-jdk8:1.7.0'
build	Build with Gradle	2025-12-27T17:38:44.8422451Z 
build	Build with Gradle	2025-12-27T17:38:44.8422490Z 
build	Build with Gradle	2025-12-27T17:38:44.8422630Z * Try:
build	Build with Gradle	2025-12-27T17:38:44.8422984Z > Run with --stacktrace option to get the stack trace.
build	Build with Gradle	2025-12-27T17:38:44.8423536Z > Run with --info or --debug option to get more log output.
build	Build with Gradle	2025-12-27T17:38:44.8424046Z > Run with --scan to get full insights.
build	Build with Gradle	2025-12-27T17:38:44.8424511Z > Get more help at https://help.gradle.org.
build	Build with Gradle	2025-12-27T17:38:44.8431415Z ==============================================================================
build	Build with Gradle	2025-12-27T17:38:44.8431752Z 
build	Build with Gradle	2025-12-27T17:38:44.8431903Z 2: Task failed with an exception.
build	Build with Gradle	2025-12-27T17:38:44.8432266Z -----------
build	Build with Gradle	2025-12-27T17:38:44.8432548Z * What went wrong:
build	Build with Gradle	2025-12-27T17:38:44.8432951Z Execution failed for task ':core:compileReleaseKotlin'.
build	Build with Gradle	2025-12-27T17:38:44.8434171Z > Inconsistent JVM-target compatibility detected for tasks 'compileReleaseJavaWithJavac' (1.8) and 'compileReleaseKotlin' (17).
build	Build with Gradle	2025-12-27T17:38:44.8435053Z   
build	Build with Gradle	2025-12-27T17:38:44.8435675Z   Consider using JVM Toolchain: https://kotl.in/gradle/jvm/toolchain
build	Build with Gradle	2025-12-27T17:38:44.8436480Z   Learn more about JVM-target validation: https://kotl.in/gradle/jvm/target-validation 
build	Build with Gradle	2025-12-27T17:38:44.8437018Z 
build	Build with Gradle	2025-12-27T17:38:44.8437128Z * Try:
build	Build with Gradle	2025-12-27T17:38:44.8437483Z > Run with --stacktrace option to get the stack trace.
build	Build with Gradle	2025-12-27T17:38:44.8438044Z > Run with --info or --debug option to get more log output.
build	Build with Gradle	2025-12-27T17:38:44.8438548Z > Run with --scan to get full insights.
build	Build with Gradle	2025-12-27T17:38:44.8438998Z > Get more help at https://help.gradle.org.
build	Build with Gradle	2025-12-27T17:38:44.8439453Z ==============================================================================
build	Build with Gradle	2025-12-27T17:38:44.8439765Z 
build	Build with Gradle	2025-12-27T17:38:44.8439891Z BUILD FAILED in 3m 39s
build	Build with Gradle	2025-12-27T17:38:44.8440274Z 58 actionable tasks: 52 executed, 6 from cache
build	Build with Gradle	2025-12-27T17:38:45.2068771Z ##[error]Gradle build failed: see console output for details
build	Post Build with Gradle	﻿2025-12-27T17:38:45.2397318Z Post job cleanup.
build	Post Build with Gradle	2025-12-27T17:38:45.2507853Z Post job cleanup.
build	Post Build with Gradle	2025-12-27T17:38:45.4861265Z ##[warning]This job uses deprecated functionality from the 'gradle/gradle-build-action' action. Consult the Job Summary for more details.
build	Post Build with Gradle	2025-12-27T17:38:45.4863924Z DEPRECATION: The action `gradle/gradle-build-action` has been replaced by `gradle/actions/setup-gradle`. See https://github.com/gradle/actions/blob/main/docs/deprecation-upgrade-guide.md#the-action-gradlegradle-build-action-has-been-replaced-by-gradleactionssetup-gradle
build	Post Build with Gradle	2025-12-27T17:38:45.4867360Z DEPRECATION: Using the action to execute Gradle via the `arguments` parameter is deprecated. See https://github.com/gradle/actions/blob/main/docs/deprecation-upgrade-guide.md#using-the-action-to-execute-gradle-via-the-arguments-parameter-is-deprecated
build	Post Build with Gradle	2025-12-27T17:38:45.4869172Z In post-action step
build	Post Build with Gradle	2025-12-27T17:38:45.4872921Z Stopping all Gradle daemons before saving Gradle User Home state
build	Post Build with Gradle	2025-12-27T17:38:45.4873772Z Stopping Gradle daemons for /home/runner/gradle-installations/installs/gradle-8.5
build	Post Build with Gradle	2025-12-27T17:38:45.4891429Z [command]/home/runner/gradle-installations/installs/gradle-8.5/bin/gradle --stop
build	Post Build with Gradle	2025-12-27T17:38:46.3241754Z Stopping Daemon(s)
build	Post Build with Gradle	2025-12-27T17:38:46.3487701Z 1 Daemon stopped
build	Post Build with Gradle	2025-12-27T17:38:46.3764434Z ##[group]Caching Gradle state
build	Post Build with Gradle	2025-12-27T17:38:46.4046095Z Caching generated-gradle-jars with path '/home/runner/.gradle/caches/8.5/generated-gradle-jars/gradle-api-8.5.jar' and cache key: gradle-generated-gradle-jars-v1-fa001ab82c3596b4e27ec78f191b889f
build	Post Build with Gradle	2025-12-27T17:38:46.4188408Z [command]/usr/bin/tar --posix -cf cache.tzst --exclude cache.tzst -P -C /home/runner/work/ftpbd/ftpbd --files-from manifest.txt --use-compress-program zstdmt
build	Post Build with Gradle	2025-12-27T17:38:46.8824872Z Caching dependencies with path '/home/runner/.gradle/caches/modules-*/files-*/*/*/*/*' and cache key: gradle-dependencies-v1-9df9aa94b21af1dd48b206979a85a4b9
build	Post Build with Gradle	2025-12-27T17:38:46.9945323Z Caching instrumented-jars with path '/home/runner/.gradle/caches/jars-*/*/' and cache key: gradle-instrumented-jars-v1-57d92c824aa88fc5c791cf434eddf775
build	Post Build with Gradle	2025-12-27T17:38:47.0203450Z Caching kotlin-dsl with path '/home/runner/.gradle/caches/*/kotlin-dsl/accessors/*/
build	Post Build with Gradle	2025-12-27T17:38:47.0204619Z /home/runner/.gradle/caches/*/kotlin-dsl/scripts/*/' and cache key: gradle-kotlin-dsl-v1-4ac8ba634f2986b8754a6d32e35a6e4a
build	Post Build with Gradle	2025-12-27T17:38:47.0360107Z ##[warning]Failed to save cache entry with path '/home/runner/.gradle/caches/8.5/generated-gradle-jars/gradle-api-8.5.jar' and key: gradle-generated-gradle-jars-v1-fa001ab82c3596b4e27ec78f191b889f: Error: <h2>Our services aren't available right now</h2><p>We're working to restore all services as soon as possible. Please check back soon.</p>0pxlQaQAAAACBkowQ+wIiQLijTS3fJM0aUEhMMzBFREdFMDExNgBFZGdl
build	Post Build with Gradle	2025-12-27T17:38:47.0655401Z [command]/usr/bin/tar --posix -cf cache.tzst --exclude cache.tzst -P -C /home/runner/work/ftpbd/ftpbd --files-from manifest.txt --use-compress-program zstdmt
build	Post Build with Gradle	2025-12-27T17:38:47.1439536Z [command]/usr/bin/tar --posix -cf cache.tzst --exclude cache.tzst -P -C /home/runner/work/ftpbd/ftpbd --files-from manifest.txt --use-compress-program zstdmt
build	Post Build with Gradle	2025-12-27T17:38:47.2193092Z ##[warning]Failed to save cache entry with path '/home/runner/.gradle/caches/*/kotlin-dsl/accessors/*/
build	Post Build with Gradle	/home/runner/.gradle/caches/*/kotlin-dsl/scripts/*/' and key: gradle-kotlin-dsl-v1-4ac8ba634f2986b8754a6d32e35a6e4a: Error: <h2>Our services aren't available right now</h2><p>We're working to restore all services as soon as possible. Please check back soon.</p>0pxlQaQAAAADa5DRunBwgRKcsp641iy1GUEhMMzBFREdFMDExNgBFZGdl
build	Post Build with Gradle	2025-12-27T17:38:47.5046156Z [command]/usr/bin/tar --posix -cf cache.tzst --exclude cache.tzst -P -C /home/runner/work/ftpbd/ftpbd --files-from manifest.txt --use-compress-program zstdmt
build	Post Build with Gradle	2025-12-27T17:38:48.7360153Z ##[warning]Failed to save cache entry with path '/home/runner/.gradle/caches/modules-*/files-*/*/*/*/*' and key: gradle-dependencies-v1-9df9aa94b21af1dd48b206979a85a4b9: Error: <h2>Our services aren't available right now</h2><p>We're working to restore all services as soon as possible. Please check back soon.</p>0qBlQaQAAAAB6LDOYZSm+R49gtj76jY0tUEhMMzBFREdFMDQwNwBFZGdl
build	Post Build with Gradle	2025-12-27T17:38:49.5928828Z ##[warning]Failed to save cache entry with path '/home/runner/.gradle/caches/jars-*/*/' and key: gradle-instrumented-jars-v1-57d92c824aa88fc5c791cf434eddf775: Error: <h2>Our services aren't available right now</h2><p>We're working to restore all services as soon as possible. Please check back soon.</p>0qRlQaQAAAAD6wsHShYOvRZ/imQuQ+7ZJUEhMMzBFREdFMDEwNgBFZGdl
build	Post Build with Gradle	2025-12-27T17:38:49.7668757Z Caching Gradle User Home with cache key: gradle-home-v1|Linux|build[2d49afe04bbf097bffd088b47df1dc9e]-5bfec838b767f3a467300bb7264574f61d72561a
build	Post Build with Gradle	2025-12-27T17:38:49.7756243Z [command]/usr/bin/tar --posix -cf cache.tzst --exclude cache.tzst -P -C /home/runner/work/ftpbd/ftpbd --files-from manifest.txt --use-compress-program zstdmt
build	Post Build with Gradle	2025-12-27T17:38:50.0263399Z ##[warning]Failed to save cache entry with path '/home/runner/.gradle/caches,/home/runner/.gradle/notifications,/home/runner/.gradle/.setup-gradle' and key: gradle-home-v1|Linux|build[2d49afe04bbf097bffd088b47df1dc9e]-5bfec838b767f3a467300bb7264574f61d72561a: Error: <h2>Our services aren't available right now</h2><p>We're working to restore all services as soon as possible. Please check back soon.</p>0qhlQaQAAAADkUx1iwDGkRKIRMAaQruYVUEhMMzBFREdFMDIwNwBFZGdl
build	Post Build with Gradle	2025-12-27T17:38:50.0266853Z ##[endgroup]
build	Post Build with Gradle	2025-12-27T17:38:50.0270016Z Generating Job Summary
build	Post Build with Gradle	2025-12-27T17:38:50.0283082Z Completed post-action step
build	Post Set up JDK 17	﻿2025-12-27T17:38:50.0450031Z Post job cleanup.
build	Post Checkout code	﻿2025-12-27T17:38:50.2164142Z Post job cleanup.
build	Post Checkout code	2025-12-27T17:38:50.3106794Z [command]/usr/bin/git version
build	Post Checkout code	2025-12-27T17:38:50.3147154Z git version 2.52.0
build	Post Checkout code	2025-12-27T17:38:50.3190977Z Temporarily overriding HOME='/home/runner/work/_temp/cfe4dff7-41c1-4f1b-9c54-5ed468d56190' before making global git config changes
build	Post Checkout code	2025-12-27T17:38:50.3192311Z Adding repository directory to the temporary git global config as a safe directory
build	Post Checkout code	2025-12-27T17:38:50.3204867Z [command]/usr/bin/git config --global --add safe.directory /home/runner/work/ftpbd/ftpbd
build	Post Checkout code	2025-12-27T17:38:50.3239515Z [command]/usr/bin/git config --local --name-only --get-regexp core\.sshCommand
build	Post Checkout code	2025-12-27T17:38:50.3272227Z [command]/usr/bin/git submodule foreach --recursive sh -c "git config --local --name-only --get-regexp 'core\.sshCommand' && git config --local --unset-all 'core.sshCommand' || :"
build	Post Checkout code	2025-12-27T17:38:50.3493480Z [command]/usr/bin/git config --local --name-only --get-regexp http\.https\:\/\/github\.com\/\.extraheader
build	Post Checkout code	2025-12-27T17:38:50.3513530Z http.https://github.com/.extraheader
build	Post Checkout code	2025-12-27T17:38:50.3526524Z [command]/usr/bin/git config --local --unset-all http.https://github.com/.extraheader
build	Post Checkout code	2025-12-27T17:38:50.3555890Z [command]/usr/bin/git submodule foreach --recursive sh -c "git config --local --name-only --get-regexp 'http\.https\:\/\/github\.com\/\.extraheader' && git config --local --unset-all 'http.https://github.com/.extraheader' || :"
build	Post Checkout code	2025-12-27T17:38:50.3770595Z [command]/usr/bin/git config --local --name-only --get-regexp ^includeIf\.gitdir:
build	Post Checkout code	2025-12-27T17:38:50.3800199Z [command]/usr/bin/git submodule foreach --recursive git config --local --show-origin --name-only --get-regexp remote.origin.url
build	Complete job	﻿2025-12-27T17:38:50.4118239Z Cleaning up orphan processes
